Archive member included to satisfy reference by file (symbol)

c:/ac6/systemworkbench/plugins/fr.ac6.mcu.externaltools.arm-none.win32_1.17.0.201812190825/tools/compiler/bin/../lib/gcc/arm-none-eabi/7.3.1/thumb/v7e-m/fpv5/hard\libgcc.a(_aeabi_uldivmod.o)
                              Drivers/STM32F7xx_HAL_Driver/Src/stm32f7xx_hal_rcc.o (__aeabi_uldivmod)
c:/ac6/systemworkbench/plugins/fr.ac6.mcu.externaltools.arm-none.win32_1.17.0.201812190825/tools/compiler/bin/../lib/gcc/arm-none-eabi/7.3.1/thumb/v7e-m/fpv5/hard\libgcc.a(_udivmoddi4.o)
                              c:/ac6/systemworkbench/plugins/fr.ac6.mcu.externaltools.arm-none.win32_1.17.0.201812190825/tools/compiler/bin/../lib/gcc/arm-none-eabi/7.3.1/thumb/v7e-m/fpv5/hard\libgcc.a(_aeabi_uldivmod.o) (__udivmoddi4)
c:/ac6/systemworkbench/plugins/fr.ac6.mcu.externaltools.arm-none.win32_1.17.0.201812190825/tools/compiler/bin/../lib/gcc/arm-none-eabi/7.3.1/thumb/v7e-m/fpv5/hard\libgcc.a(_dvmd_tls.o)
                              c:/ac6/systemworkbench/plugins/fr.ac6.mcu.externaltools.arm-none.win32_1.17.0.201812190825/tools/compiler/bin/../lib/gcc/arm-none-eabi/7.3.1/thumb/v7e-m/fpv5/hard\libgcc.a(_aeabi_uldivmod.o) (__aeabi_ldiv0)
c:/ac6/systemworkbench/plugins/fr.ac6.mcu.externaltools.arm-none.win32_1.17.0.201812190825/tools/compiler/bin/../lib/gcc/arm-none-eabi/7.3.1/../../../../arm-none-eabi/lib/thumb/v7e-m/fpv5/hard\libc_nano.a(lib_a-errno.o)
                              Core/Src/syscalls.o (__errno)
c:/ac6/systemworkbench/plugins/fr.ac6.mcu.externaltools.arm-none.win32_1.17.0.201812190825/tools/compiler/bin/../lib/gcc/arm-none-eabi/7.3.1/../../../../arm-none-eabi/lib/thumb/v7e-m/fpv5/hard\libc_nano.a(lib_a-exit.o)
                              c:/ac6/systemworkbench/plugins/fr.ac6.mcu.externaltools.arm-none.win32_1.17.0.201812190825/tools/compiler/bin/../lib/gcc/arm-none-eabi/7.3.1/../../../../arm-none-eabi/lib/thumb/v7e-m/fpv5/hard/crt0.o (exit)
c:/ac6/systemworkbench/plugins/fr.ac6.mcu.externaltools.arm-none.win32_1.17.0.201812190825/tools/compiler/bin/../lib/gcc/arm-none-eabi/7.3.1/../../../../arm-none-eabi/lib/thumb/v7e-m/fpv5/hard\libc_nano.a(lib_a-impure.o)
                              c:/ac6/systemworkbench/plugins/fr.ac6.mcu.externaltools.arm-none.win32_1.17.0.201812190825/tools/compiler/bin/../lib/gcc/arm-none-eabi/7.3.1/../../../../arm-none-eabi/lib/thumb/v7e-m/fpv5/hard\libc_nano.a(lib_a-exit.o) (_global_impure_ptr)
c:/ac6/systemworkbench/plugins/fr.ac6.mcu.externaltools.arm-none.win32_1.17.0.201812190825/tools/compiler/bin/../lib/gcc/arm-none-eabi/7.3.1/../../../../arm-none-eabi/lib/thumb/v7e-m/fpv5/hard\libc_nano.a(lib_a-init.o)
                              c:/ac6/systemworkbench/plugins/fr.ac6.mcu.externaltools.arm-none.win32_1.17.0.201812190825/tools/compiler/bin/../lib/gcc/arm-none-eabi/7.3.1/../../../../arm-none-eabi/lib/thumb/v7e-m/fpv5/hard/crt0.o (__libc_init_array)
c:/ac6/systemworkbench/plugins/fr.ac6.mcu.externaltools.arm-none.win32_1.17.0.201812190825/tools/compiler/bin/../lib/gcc/arm-none-eabi/7.3.1/../../../../arm-none-eabi/lib/thumb/v7e-m/fpv5/hard\libc_nano.a(lib_a-memset.o)
                              c:/ac6/systemworkbench/plugins/fr.ac6.mcu.externaltools.arm-none.win32_1.17.0.201812190825/tools/compiler/bin/../lib/gcc/arm-none-eabi/7.3.1/../../../../arm-none-eabi/lib/thumb/v7e-m/fpv5/hard/crt0.o (memset)
c:/ac6/systemworkbench/plugins/fr.ac6.mcu.externaltools.arm-none.win32_1.17.0.201812190825/tools/compiler/bin/../lib/gcc/arm-none-eabi/7.3.1/../../../../arm-none-eabi/lib/thumb/v7e-m/fpv5/hard\libc_nano.a(lib_a-nano-vfprintf_float.o)
                              (_printf_float)
c:/ac6/systemworkbench/plugins/fr.ac6.mcu.externaltools.arm-none.win32_1.17.0.201812190825/tools/compiler/bin/../lib/gcc/arm-none-eabi/7.3.1/../../../../arm-none-eabi/lib/thumb/v7e-m/fpv5/hard\libc_nano.a(lib_a-nano-vfprintf_i.o)
                              c:/ac6/systemworkbench/plugins/fr.ac6.mcu.externaltools.arm-none.win32_1.17.0.201812190825/tools/compiler/bin/../lib/gcc/arm-none-eabi/7.3.1/../../../../arm-none-eabi/lib/thumb/v7e-m/fpv5/hard\libc_nano.a(lib_a-nano-vfprintf_float.o) (_printf_common)
c:/ac6/systemworkbench/plugins/fr.ac6.mcu.externaltools.arm-none.win32_1.17.0.201812190825/tools/compiler/bin/../lib/gcc/arm-none-eabi/7.3.1/../../../../arm-none-eabi/lib/thumb/v7e-m/fpv5/hard\libc_nano.a(lib_a-strlen.o)
                              c:/ac6/systemworkbench/plugins/fr.ac6.mcu.externaltools.arm-none.win32_1.17.0.201812190825/tools/compiler/bin/../lib/gcc/arm-none-eabi/7.3.1/../../../../arm-none-eabi/lib/thumb/v7e-m/fpv5/hard\libc_nano.a(lib_a-nano-vfprintf_float.o) (strlen)
c:/ac6/systemworkbench/plugins/fr.ac6.mcu.externaltools.arm-none.win32_1.17.0.201812190825/tools/compiler/bin/../lib/gcc/arm-none-eabi/7.3.1/../../../../arm-none-eabi/lib/thumb/v7e-m/fpv5/hard\libc_nano.a(lib_a-vsnprintf.o)
                              Core/Src/usart.o (vsnprintf)
[...]
Memory Configuration

Name             Origin             Length             Attributes
RAM              0x20000000         0x00080000         xrw
FLASH            0x08000000         0x00200000         xr
*default*        0x00000000         0xffffffff

Linker script and memory map

LOAD c:/ac6/systemworkbench/plugins/fr.ac6.mcu.externaltools.arm-none.win32_1.17.0.201812190825/tools/compiler/bin/../lib/gcc/arm-none-eabi/7.3.1/thumb/v7e-m/fpv5/hard/crti.o
LOAD c:/ac6/systemworkbench/plugins/fr.ac6.mcu.externaltools.arm-none.win32_1.17.0.201812190825/tools/compiler/bin/../lib/gcc/arm-none-eabi/7.3.1/thumb/v7e-m/fpv5/hard/crtbegin.o
LOAD c:/ac6/systemworkbench/plugins/fr.ac6.mcu.externaltools.arm-none.win32_1.17.0.201812190825/tools/compiler/bin/../lib/gcc/arm-none-eabi/7.3.1/../../../../arm-none-eabi/lib/thumb/v7e-m/fpv5/hard/crt0.o
LOAD Core/Src/can.o
LOAD Core/Src/can_com.o
LOAD Core/Src/control.o
LOAD Core/Src/control_main.o
LOAD Core/Src/controller.o
LOAD Core/Src/encoder.o
LOAD Core/Src/gpio.o
LOAD Core/Src/main.o
LOAD Core/Src/motor.o
LOAD Core/Src/pid.o
LOAD Core/Src/servo.o
LOAD Core/Src/stm32f7xx_hal_msp.o
LOAD Core/Src/stm32f7xx_it.o
LOAD Core/Src/syscalls.o
LOAD Core/Src/system_stm32f7xx.o
LOAD Core/Src/tim.o
LOAD Core/Src/usart.o
LOAD Drivers/STM32F7xx_HAL_Driver/Src/stm32f7xx_hal.o
LOAD Drivers/STM32F7xx_HAL_Driver/Src/stm32f7xx_hal_can.o
LOAD Drivers/STM32F7xx_HAL_Driver/Src/stm32f7xx_hal_cortex.o
LOAD Drivers/STM32F7xx_HAL_Driver/Src/stm32f7xx_hal_dma.o
LOAD Drivers/STM32F7xx_HAL_Driver/Src/stm32f7xx_hal_dma_ex.o
LOAD Drivers/STM32F7xx_HAL_Driver/Src/stm32f7xx_hal_exti.o
LOAD Drivers/STM32F7xx_HAL_Driver/Src/stm32f7xx_hal_flash.o
LOAD Drivers/STM32F7xx_HAL_Driver/Src/stm32f7xx_hal_flash_ex.o
LOAD Drivers/STM32F7xx_HAL_Driver/Src/stm32f7xx_hal_gpio.o
LOAD Drivers/STM32F7xx_HAL_Driver/Src/stm32f7xx_hal_i2c.o
LOAD Drivers/STM32F7xx_HAL_Driver/Src/stm32f7xx_hal_i2c_ex.o
LOAD Drivers/STM32F7xx_HAL_Driver/Src/stm32f7xx_hal_pwr.o
LOAD Drivers/STM32F7xx_HAL_Driver/Src/stm32f7xx_hal_pwr_ex.o
LOAD Drivers/STM32F7xx_HAL_Driver/Src/stm32f7xx_hal_rcc.o
LOAD Drivers/STM32F7xx_HAL_Driver/Src/stm32f7xx_hal_rcc_ex.o
LOAD Drivers/STM32F7xx_HAL_Driver/Src/stm32f7xx_hal_tim.o
LOAD Drivers/STM32F7xx_HAL_Driver/Src/stm32f7xx_hal_tim_ex.o
LOAD Drivers/STM32F7xx_HAL_Driver/Src/stm32f7xx_hal_uart.o
LOAD Drivers/STM32F7xx_HAL_Driver/Src/stm32f7xx_hal_uart_ex.o
LOAD startup/startup_stm32f767xx.o
LOAD c:/ac6/systemworkbench/plugins/fr.ac6.mcu.externaltools.arm-none.win32_1.17.0.201812190825/tools/compiler/bin/../lib/gcc/arm-none-eabi/7.3.1/../../../../arm-none-eabi/lib/thumb/v7e-m/fpv5/hard\libm.a
START GROUP
LOAD c:/ac6/systemworkbench/plugins/fr.ac6.mcu.externaltools.arm-none.win32_1.17.0.201812190825/tools/compiler/bin/../lib/gcc/arm-none-eabi/7.3.1/thumb/v7e-m/fpv5/hard\libgcc.a
LOAD c:/ac6/systemworkbench/plugins/fr.ac6.mcu.externaltools.arm-none.win32_1.17.0.201812190825/tools/compiler/bin/../lib/gcc/arm-none-eabi/7.3.1/../../../../arm-none-eabi/lib/thumb/v7e-m/fpv5/hard\libc_nano.a
END GROUP
START GROUP
LOAD c:/ac6/systemworkbench/plugins/fr.ac6.mcu.externaltools.arm-none.win32_1.17.0.201812190825/tools/compiler/bin/../lib/gcc/arm-none-eabi/7.3.1/thumb/v7e-m/fpv5/hard\libgcc.a
LOAD c:/ac6/systemworkbench/plugins/fr.ac6.mcu.externaltools.arm-none.win32_1.17.0.201812190825/tools/compiler/bin/../lib/gcc/arm-none-eabi/7.3.1/../../../../arm-none-eabi/lib/thumb/v7e-m/fpv5/hard\libc_nano.a
LOAD c:/ac6/systemworkbench/plugins/fr.ac6.mcu.externaltools.arm-none.win32_1.17.0.201812190825/tools/compiler/bin/../lib/gcc/arm-none-eabi/7.3.1/../../../../arm-none-eabi/lib/thumb/v7e-m/fpv5/hard\libnosys.a
END GROUP
START GROUP
LOAD c:/ac6/systemworkbench/plugins/fr.ac6.mcu.externaltools.arm-none.win32_1.17.0.201812190825/tools/compiler/bin/../lib/gcc/arm-none-eabi/7.3.1/thumb/v7e-m/fpv5/hard\libgcc.a
LOAD c:/ac6/systemworkbench/plugins/fr.ac6.mcu.externaltools.arm-none.win32_1.17.0.201812190825/tools/compiler/bin/../lib/gcc/arm-none-eabi/7.3.1/../../../../arm-none-eabi/lib/thumb/v7e-m/fpv5/hard\libc_nano.a
LOAD c:/ac6/systemworkbench/plugins/fr.ac6.mcu.externaltools.arm-none.win32_1.17.0.201812190825/tools/compiler/bin/../lib/gcc/arm-none-eabi/7.3.1/../../../../arm-none-eabi/lib/thumb/v7e-m/fpv5/hard\libnosys.a
END GROUP
LOAD c:/ac6/systemworkbench/plugins/fr.ac6.mcu.externaltools.arm-none.win32_1.17.0.201812190825/tools/compiler/bin/../lib/gcc/arm-none-eabi/7.3.1/thumb/v7e-m/fpv5/hard/crtend.o
LOAD c:/ac6/systemworkbench/plugins/fr.ac6.mcu.externaltools.arm-none.win32_1.17.0.201812190825/tools/compiler/bin/../lib/gcc/arm-none-eabi/7.3.1/thumb/v7e-m/fpv5/hard/crtn.o
                0x20080000                _estack = 0x20080000
                0x00000200                _Min_Heap_Size = 0x200
                0x00000400                _Min_Stack_Size = 0x400

.isr_vector     0x08000000      0x1f8
                0x08000000                . = ALIGN (0x4)
 *(.isr_vector)
 .isr_vector    0x08000000      0x1f8 startup/startup_stm32f767xx.o
                0x08000000                g_pfnVectors
                0x080001f8                . = ALIGN (0x4)

.text           0x08000200     0x8f90
                0x08000200                . = ALIGN (0x4)
 *(.text)
 .text          0x08000200       0x40 c:/ac6/systemworkbench/plugins/fr.ac6.mcu.externaltools.arm-none.win32_1.17.0.201812190825/tools/compiler/bin/../lib/gcc/arm-none-eabi/7.3.1/thumb/v7e-m/fpv5/hard/crtbegin.o
 .text          0x08000240       0x30 c:/ac6/systemworkbench/plugins/fr.ac6.mcu.externaltools.arm-none.win32_1.17.0.201812190825/tools/compiler/bin/../lib/gcc/arm-none-eabi/7.3.1/thumb/v7e-m/fpv5/hard\libgcc.a(_aeabi_uldivmod.o)
                0x08000240                __aeabi_uldivmod
 .text          0x08000270      0x2cc c:/ac6/systemworkbench/plugins/fr.ac6.mcu.externaltools.arm-none.win32_1.17.0.201812190825/tools/compiler/bin/../lib/gcc/arm-none-eabi/7.3.1/thumb/v7e-m/fpv5/hard\libgcc.a(_udivmoddi4.o)
                0x08000270                __udivmoddi4
 .text          0x0800053c        0x4 c:/ac6/systemworkbench/plugins/fr.ac6.mcu.externaltools.arm-none.win32_1.17.0.201812190825/tools/compiler/bin/../lib/gcc/arm-none-eabi/7.3.1/thumb/v7e-m/fpv5/hard\libgcc.a(_dvmd_tls.o)
                0x0800053c                __aeabi_idiv0
                0x0800053c                __aeabi_ldiv0
 .text          0x08000540       0x10 c:/ac6/systemworkbench/plugins/fr.ac6.mcu.externaltools.arm-none.win32_1.17.0.201812190825/tools/compiler/bin/../lib/gcc/arm-none-eabi/7.3.1/../../../../arm-none-eabi/lib/thumb/v7e-m/fpv5/hard\libc_nano.a(lib_a-strlen.o)
                0x08000540                strlen
 .text          0x08000550       0xa0 c:/ac6/systemworkbench/plugins/fr.ac6.mcu.externaltools.arm-none.win32_1.17.0.201812190825/tools/compiler/bin/../lib/gcc/arm-none-eabi/7.3.1/../../../../arm-none-eabi/lib/thumb/v7e-m/fpv5/hard\libc_nano.a(lib_a-memchr.o)
                0x08000550                memchr
 *(.text*)
 .text.MX_CAN1_Init
                0x080005f0       0x40 Core/Src/can.o
                0x080005f0                MX_CAN1_Init
 .text.MX_CAN2_Init
                0x08000630       0x40 Core/Src/can.o
                0x08000630                MX_CAN2_Init
 .text.MX_CAN3_Init
                0x08000670       0x40 Core/Src/can.o
                0x08000670                MX_CAN3_Init
 .text.HAL_CAN_MspInit
                0x080006b0      0x204 Core/Src/can.o
                0x080006b0                HAL_CAN_MspInit
 .text.SetCanFilter_MAIN
                0x080008b4       0x44 Core/Src/can_com.o
 .text.SetCanFilter_RASPI
                0x080008f8       0x34 Core/Src/can_com.o
 .text.SetCanFilter_BOH
                0x0800092c       0x34 Core/Src/can_com.o
 .text.InitCan  0x08000960       0x48 Core/Src/can_com.o
                0x08000960                InitCan
 .text.setdata  0x080009a8        0xc Core/Src/can_com.o
                0x080009a8                setdata
 .text.setdata_part
                0x080009b4        0xc Core/Src/can_com.o
                0x080009b4                setdata_part
 .text.UpdateCan_raspi1
                0x080009c0       0xd8 Core/Src/can_com.o
                0x080009c0                UpdateCan_raspi1
 .text.SendData
                0x08000a98       0x44 Core/Src/can_com.o
                0x08000a98                SendData
 .text.init_raspi1_value
                0x08000adc       0x1c Core/Src/can_com.o
                0x08000adc                init_raspi1_value
 .text.reset_raspi1_value
                0x08000af8       0x10 Core/Src/can_com.o
                0x08000af8                reset_raspi1_value
 .text.reset_raspi1
                0x08000b08       0x10 Core/Src/can_com.o
                0x08000b08                reset_raspi1
 .text.get_raspi1
                0x08000b18       0x14 Core/Src/can_com.o
                0x08000b18                get_raspi1
 .text.init_arm_right
                0x08000b2c       0x38 Core/Src/control.o
                0x08000b2c                init_arm_right
 .text.init_arm_left
                0x08000b64       0x38 Core/Src/control.o
                0x08000b64                init_arm_left
 .text.init_lift_right
                0x08000b9c       0x8c Core/Src/control.o
                0x08000b9c                init_lift_right
 .text.init_lift_left
                0x08000c28       0x90 Core/Src/control.o
                0x08000c28                init_lift_left
 .text.init_pid_value
                0x08000cb8       0x18 Core/Src/control.o
                0x08000cb8                init_pid_value
 .text.reset_pid_value
                0x08000cd0       0x18 Core/Src/control.o
                0x08000cd0                reset_pid_value
 .text.arm_ready
                0x08000ce8       0x8c Core/Src/control.o
                0x08000ce8                arm_ready
 *fill*         0x08000d74        0x4 
 .text.arm_right_ready
                0x08000d78       0x64 Core/Src/control.o
                0x08000d78                arm_right_ready
 *fill*         0x08000ddc        0x4 
 .text.arm_left_ready
                0x08000de0       0x64 Core/Src/control.o
                0x08000de0                arm_left_ready
 *fill*         0x08000e44        0x4 
 .text.lift_ready
                0x08000e48       0xac Core/Src/control.o
                0x08000e48                lift_ready
 *fill*         0x08000ef4        0x4 
 .text.lift_right_ready
                0x08000ef8       0x6c Core/Src/control.o
                0x08000ef8                lift_right_ready
 *fill*         0x08000f64        0x4 
 .text.SetPositionGain_arm
                0x08000f68       0x64 Core/Src/control.o
                0x08000f68                SetPositionGain_arm
 *fill*         0x08000fcc        0x4 
 .text.arm_right_control
                0x08000fd0       0xf8 Core/Src/control.o
                0x08000fd0                arm_right_control
 .text.arm_left_control
                0x080010c8      0x100 Core/Src/control.o
                0x080010c8                arm_left_control
 .text.SetGain_lift_right
                0x080011c8       0xcc Core/Src/control.o
                0x080011c8                SetGain_lift_right
 *fill*         0x08001294        0x4 
 .text.lift_right_control
                0x08001298      0x1a0 Core/Src/control.o
                0x08001298                lift_right_control
 .text.SetGain_lift_left
                0x08001438       0xd0 Core/Src/control.o
                0x08001438                SetGain_lift_left
 .text.lift_left_control
                0x08001508      0x1a0 Core/Src/control.o
                0x08001508                lift_left_control
 .text.control_on_update
                0x080016a8       0x14 Core/Src/control.o
                0x080016a8                control_on_update
 .text.set_target_arm_right
                0x080016bc        0xc Core/Src/control.o
                0x080016bc                set_target_arm_right
 .text.set_target_arm_left
                0x080016c8        0xc Core/Src/control.o
                0x080016c8                set_target_arm_left
 .text.set_target_lift_right
                0x080016d4        0xc Core/Src/control.o
                0x080016d4                set_target_lift_right
 .text.set_target_lift_left
                0x080016e0        0xc Core/Src/control.o
                0x080016e0                set_target_lift_left
 .text.init_partition
                0x080016ec       0x68 Core/Src/control_main.o
                0x080016ec                init_partition
 *fill*         0x08001754        0x4 
 .text.partition_ready
                0x08001758       0x64 Core/Src/control_main.o
                0x08001758                partition_ready
 *fill*         0x080017bc        0x4 
 .text.partition_control
                0x080017c0       0xdc Core/Src/control_main.o
                0x080017c0                partition_control
 .text.partition_control_pile
                0x0800189c       0x6c Core/Src/control_main.o
                0x0800189c                partition_control_pile
 .text.set_target_partition
                0x08001908        0xc Core/Src/control_main.o
                0x08001908                set_target_partition
 .text.lift_up_1
                0x08001914      0x180 Core/Src/control_main.o
                0x08001914                lift_up_1
 .text.lift_up_2
                0x08001a94      0x170 Core/Src/control_main.o
                0x08001a94                lift_up_2
 .text.lift_up_3
                0x08001c04      0x114 Core/Src/control_main.o
                0x08001c04                lift_up_3
 .text.reset_loss_count
                0x08001d18       0x10 Core/Src/control_main.o
                0x08001d18                reset_loss_count
 .text.arm_mode_change
                0x08001d28       0xac Core/Src/control_main.o
                0x08001d28                arm_mode_change
 .text.air_mode_change1
                0x08001dd4       0x78 Core/Src/control_main.o
                0x08001dd4                air_mode_change1
 .text.camera_state_change
                0x08001e4c      0x130 Core/Src/control_main.o
                0x08001e4c                camera_state_change
 .text.disc_count
                0x08001f7c       0x48 Core/Src/control_main.o
                0x08001f7c                disc_count
 .text.reset_disc_count
                0x08001fc4       0x10 Core/Src/control_main.o
                0x08001fc4                reset_disc_count
 .text.reset_value
                0x08001fd4       0x14 Core/Src/control_main.o
                0x08001fd4                reset_value
 .text.get_disc_count
                0x08001fe8        0xc Core/Src/control_main.o
                0x08001fe8                get_disc_count
 .text.reset_counter
                0x08001ff4       0x54 Core/Src/control_main.o
                0x08001ff4                reset_counter
 .text.get_reset_count
                0x08002048        0xc Core/Src/control_main.o
                0x08002048                get_reset_count
 .text.slicer   0x08002054       0x46 Core/Src/control_main.o
                0x08002054                slicer
 *fill*         0x0800209a        0x2 
 .text.disc_led
                0x0800209c      0x170 Core/Src/control_main.o
                0x0800209c                disc_led
 .text.UpdateController
                0x0800220c       0x44 Core/Src/controller.o
                0x0800220c                UpdateController
 .text.GetController
                0x08002250       0x14 Core/Src/controller.o
                0x08002250                GetController
 .text.init_encoder
                0x08002264       0x6c Core/Src/encoder.o
                0x08002264                init_encoder
 .text.get_encoder0
                0x080022d0       0x14 Core/Src/encoder.o
                0x080022d0                get_encoder0
 .text.get_encoder1
                0x080022e4       0x1c Core/Src/encoder.o
                0x080022e4                get_encoder1
 .text.get_encoder2
                0x08002300       0x1c Core/Src/encoder.o
                0x08002300                get_encoder2
 .text.get_encoder3
                0x0800231c       0x14 Core/Src/encoder.o
                0x0800231c                get_encoder3
 .text.get_encoder4
                0x08002330       0x14 Core/Src/encoder.o
                0x08002330                get_encoder4
 *fill*         0x08002344        0x4 
 .text.enc_update
                0x08002348      0x134 Core/Src/encoder.o
                0x08002348                enc_update
 .text.get_arm_right_value
                0x0800247c        0xc Core/Src/encoder.o
                0x0800247c                get_arm_right_value
 .text.get_arm_left_value
                0x08002488        0xc Core/Src/encoder.o
                0x08002488                get_arm_left_value
 .text.get_lift_right_value
                0x08002494       0x20 Core/Src/encoder.o
                0x08002494                get_lift_right_value
 .text.get_lift_left_value
                0x080024b4       0x20 Core/Src/encoder.o
                0x080024b4                get_lift_left_value
 .text.get_partition_value
                0x080024d4        0xc Core/Src/encoder.o
                0x080024d4                get_partition_value
 .text.set_lift_r
                0x080024e0        0xc Core/Src/encoder.o
                0x080024e0                set_lift_r
 .text.set_lift_l
                0x080024ec        0xc Core/Src/encoder.o
                0x080024ec                set_lift_l
 .text.set_arm_right
                0x080024f8        0xc Core/Src/encoder.o
                0x080024f8                set_arm_right
 .text.set_arm_left
                0x08002504        0xc Core/Src/encoder.o
                0x08002504                set_arm_left
 .text.set_partition
                0x08002510        0xc Core/Src/encoder.o
                0x08002510                set_partition
 .text.MX_GPIO_Init
                0x0800251c      0x1dc Core/Src/gpio.o
                0x0800251c                MX_GPIO_Init
 .text.initialize
                0x080026f8       0xd8 Core/Src/main.o
                0x080026f8                initialize
 .text.HAL_TIM_PeriodElapsedCallback
                0x080027d0       0xd4 Core/Src/main.o
                0x080027d0                HAL_TIM_PeriodElapsedCallback
 .text.Error_Handler
                0x080028a4        0x4 Core/Src/main.o
                0x080028a4                Error_Handler
 .text.SystemClock_Config
                0x080028a8       0xcc Core/Src/main.o
                0x080028a8                SystemClock_Config
 *fill*         0x08002974        0x4 
 .text.main     0x08002978      0xd64 Core/Src/main.o
                0x08002978                main
 .text.motor_on_init
                0x080036dc       0x58 Core/Src/motor.o
                0x080036dc                motor_on_init
 .text.motor_output_connecter
                0x08003734       0x4c Core/Src/motor.o
                0x08003734                motor_output_connecter
 .text.motor_control
                0x08003780      0x24c Core/Src/motor.o
                0x08003780                motor_control
 .text.PID_speed_control
                0x080039cc       0xd8 Core/Src/pid.o
                0x080039cc                PID_speed_control
 .text.PID_position_control
                0x08003aa4       0xbc Core/Src/pid.o
                0x08003aa4                PID_position_control
 .text.PID_position_control_ver2
                0x08003b60       0xd0 Core/Src/pid.o
                0x08003b60                PID_position_control_ver2
 .text.HAL_MspInit
                0x08003c30       0x30 Core/Src/stm32f7xx_hal_msp.o
                0x08003c30                HAL_MspInit
 .text.NMI_Handler
                0x08003c60        0x2 Core/Src/stm32f7xx_it.o
                0x08003c60                NMI_Handler
 .text.HardFault_Handler
                0x08003c62        0x2 Core/Src/stm32f7xx_it.o
                0x08003c62                HardFault_Handler
 .text.MemManage_Handler
                0x08003c64        0x2 Core/Src/stm32f7xx_it.o
                0x08003c64                MemManage_Handler
 .text.BusFault_Handler
                0x08003c66        0x2 Core/Src/stm32f7xx_it.o
                0x08003c66                BusFault_Handler
 .text.UsageFault_Handler
                0x08003c68        0x2 Core/Src/stm32f7xx_it.o
                0x08003c68                UsageFault_Handler
 .text.SVC_Handler
                0x08003c6a        0x2 Core/Src/stm32f7xx_it.o
                0x08003c6a                SVC_Handler
 .text.DebugMon_Handler
                0x08003c6c        0x2 Core/Src/stm32f7xx_it.o
                0x08003c6c                DebugMon_Handler
 .text.PendSV_Handler
                0x08003c6e        0x2 Core/Src/stm32f7xx_it.o
                0x08003c6e                PendSV_Handler
 .text.SysTick_Handler
                0x08003c70        0x8 Core/Src/stm32f7xx_it.o
                0x08003c70                SysTick_Handler
 .text.TIM6_DAC_IRQHandler
                0x08003c78       0x10 Core/Src/stm32f7xx_it.o
                0x08003c78                TIM6_DAC_IRQHandler
 .text.TIM7_IRQHandler
                0x08003c88       0x10 Core/Src/stm32f7xx_it.o
                0x08003c88                TIM7_IRQHandler
 .text.CAN3_TX_IRQHandler
                0x08003c98       0x10 Core/Src/stm32f7xx_it.o
                0x08003c98                CAN3_TX_IRQHandler
 .text.CAN3_RX0_IRQHandler
                0x08003ca8       0x10 Core/Src/stm32f7xx_it.o
                0x08003ca8                CAN3_RX0_IRQHandler
 .text.CAN3_RX1_IRQHandler
                0x08003cb8       0x10 Core/Src/stm32f7xx_it.o
                0x08003cb8                CAN3_RX1_IRQHandler
 .text.CAN3_SCE_IRQHandler
                0x08003cc8       0x10 Core/Src/stm32f7xx_it.o
                0x08003cc8                CAN3_SCE_IRQHandler
 .text._sbrk    0x08003cd8       0x3c Core/Src/syscalls.o
                0x08003cd8                _sbrk
 .text.SystemInit
                0x08003d14       0x14 Core/Src/system_stm32f7xx.o
                0x08003d14                SystemInit
 .text.MX_TIM1_Init
                0x08003d28       0x68 Core/Src/tim.o
                0x08003d28                MX_TIM1_Init
 .text.MX_TIM2_Init
                0x08003d90       0x64 Core/Src/tim.o
                0x08003d90                MX_TIM2_Init
 .text.MX_TIM3_Init
                0x08003df4       0x64 Core/Src/tim.o
                0x08003df4                MX_TIM3_Init
 .text.MX_TIM4_Init
                0x08003e58       0x64 Core/Src/tim.o
                0x08003e58                MX_TIM4_Init
 .text.MX_TIM6_Init
                0x08003ebc       0x54 Core/Src/tim.o
                0x08003ebc                MX_TIM6_Init
 .text.MX_TIM7_Init
                0x08003f10       0x54 Core/Src/tim.o
                0x08003f10                MX_TIM7_Init
 .text.MX_TIM8_Init
                0x08003f64       0x68 Core/Src/tim.o
                0x08003f64                MX_TIM8_Init
 .text.HAL_TIM_Encoder_MspInit
                0x08003fcc      0x1b0 Core/Src/tim.o
                0x08003fcc                HAL_TIM_Encoder_MspInit
 .text.HAL_TIM_PWM_MspInit
                0x0800417c       0x6c Core/Src/tim.o
                0x0800417c                HAL_TIM_PWM_MspInit
 .text.HAL_TIM_Base_MspInit
                0x080041e8       0xb0 Core/Src/tim.o
                0x080041e8                HAL_TIM_Base_MspInit
 .text.HAL_TIM_MspPostInit
                0x08004298      0x134 Core/Src/tim.o
                0x08004298                HAL_TIM_MspPostInit
 .text.MX_TIM5_Init
                0x080043cc       0xb8 Core/Src/tim.o
                0x080043cc                MX_TIM5_Init
 .text.MX_TIM9_Init
                0x08004484       0x78 Core/Src/tim.o
                0x08004484                MX_TIM9_Init
 .text.MX_TIM12_Init
                0x080044fc       0x78 Core/Src/tim.o
                0x080044fc                MX_TIM12_Init
 .text.MX_TIM13_Init
                0x08004574       0x74 Core/Src/tim.o
                0x08004574                MX_TIM13_Init
 .text.MX_TIM14_Init
                0x080045e8       0x74 Core/Src/tim.o
                0x080045e8                MX_TIM14_Init
 .text.MX_USART1_UART_Init
                0x0800465c       0x38 Core/Src/usart.o
                0x0800465c                MX_USART1_UART_Init
 .text.HAL_UART_MspInit
                0x08004694       0x6c Core/Src/usart.o
                0x08004694                HAL_UART_MspInit
 .text.print    0x08004700       0x44 Core/Src/usart.o
                0x08004700                print
 .text.HAL_InitTick
                0x08004744       0x48 Drivers/STM32F7xx_HAL_Driver/Src/stm32f7xx_hal.o
                0x08004744                HAL_InitTick
 .text.HAL_Init
                0x0800478c       0x16 Drivers/STM32F7xx_HAL_Driver/Src/stm32f7xx_hal.o
                0x0800478c                HAL_Init
 *fill*         0x080047a2        0x2 
 .text.HAL_IncTick
                0x080047a4       0x18 Drivers/STM32F7xx_HAL_Driver/Src/stm32f7xx_hal.o
                0x080047a4                HAL_IncTick
 .text.HAL_GetTick
                0x080047bc        0xc Drivers/STM32F7xx_HAL_Driver/Src/stm32f7xx_hal.o
                0x080047bc                HAL_GetTick
 .text.HAL_Delay
                0x080047c8       0x28 Drivers/STM32F7xx_HAL_Driver/Src/stm32f7xx_hal.o
                0x080047c8                HAL_Delay
 .text.HAL_CAN_Init
                0x080047f0      0x14c Drivers/STM32F7xx_HAL_Driver/Src/stm32f7xx_hal_can.o
                0x080047f0                HAL_CAN_Init
 .text.HAL_CAN_ConfigFilter
                0x0800493c      0x134 Drivers/STM32F7xx_HAL_Driver/Src/stm32f7xx_hal_can.o
                0x0800493c                HAL_CAN_ConfigFilter
 .text.HAL_CAN_Start
                0x08004a70       0x5c Drivers/STM32F7xx_HAL_Driver/Src/stm32f7xx_hal_can.o
                0x08004a70                HAL_CAN_Start
 .text.HAL_CAN_AddTxMessage
                0x08004acc       0xea Drivers/STM32F7xx_HAL_Driver/Src/stm32f7xx_hal_can.o
                0x08004acc                HAL_CAN_AddTxMessage
 .text.HAL_CAN_GetRxMessage
                0x08004bb6      0x134 Drivers/STM32F7xx_HAL_Driver/Src/stm32f7xx_hal_can.o
                0x08004bb6                HAL_CAN_GetRxMessage
 .text.HAL_CAN_ActivateNotification
                0x08004cea       0x24 Drivers/STM32F7xx_HAL_Driver/Src/stm32f7xx_hal_can.o
                0x08004cea                HAL_CAN_ActivateNotification
 .text.HAL_CAN_TxMailbox0CompleteCallback
                0x08004d0e        0x2 Drivers/STM32F7xx_HAL_Driver/Src/stm32f7xx_hal_can.o
                0x08004d0e                HAL_CAN_TxMailbox0CompleteCallback
 .text.HAL_CAN_TxMailbox1CompleteCallback
                0x08004d10        0x2 Drivers/STM32F7xx_HAL_Driver/Src/stm32f7xx_hal_can.o
                0x08004d10                HAL_CAN_TxMailbox1CompleteCallback
 .text.HAL_CAN_TxMailbox2CompleteCallback
                0x08004d12        0x2 Drivers/STM32F7xx_HAL_Driver/Src/stm32f7xx_hal_can.o
                0x08004d12                HAL_CAN_TxMailbox2CompleteCallback
 .text.HAL_CAN_TxMailbox0AbortCallback
                0x08004d14        0x2 Drivers/STM32F7xx_HAL_Driver/Src/stm32f7xx_hal_can.o
                0x08004d14                HAL_CAN_TxMailbox0AbortCallback
 .text.HAL_CAN_TxMailbox1AbortCallback
                0x08004d16        0x2 Drivers/STM32F7xx_HAL_Driver/Src/stm32f7xx_hal_can.o
                0x08004d16                HAL_CAN_TxMailbox1AbortCallback
 .text.HAL_CAN_TxMailbox2AbortCallback
                0x08004d18        0x2 Drivers/STM32F7xx_HAL_Driver/Src/stm32f7xx_hal_can.o
                0x08004d18                HAL_CAN_TxMailbox2AbortCallback
 .text.HAL_CAN_RxFifo0MsgPendingCallback
                0x08004d1a        0x2 Drivers/STM32F7xx_HAL_Driver/Src/stm32f7xx_hal_can.o
                0x08004d1a                HAL_CAN_RxFifo0MsgPendingCallback
 .text.HAL_CAN_RxFifo0FullCallback
                0x08004d1c        0x2 Drivers/STM32F7xx_HAL_Driver/Src/stm32f7xx_hal_can.o
                0x08004d1c                HAL_CAN_RxFifo0FullCallback
 .text.HAL_CAN_RxFifo1MsgPendingCallback
                0x08004d1e        0x2 Drivers/STM32F7xx_HAL_Driver/Src/stm32f7xx_hal_can.o
                0x08004d1e                HAL_CAN_RxFifo1MsgPendingCallback
 .text.HAL_CAN_RxFifo1FullCallback
                0x08004d20        0x2 Drivers/STM32F7xx_HAL_Driver/Src/stm32f7xx_hal_can.o
                0x08004d20                HAL_CAN_RxFifo1FullCallback
 .text.HAL_CAN_SleepCallback
                0x08004d22        0x2 Drivers/STM32F7xx_HAL_Driver/Src/stm32f7xx_hal_can.o
                0x08004d22                HAL_CAN_SleepCallback
 .text.HAL_CAN_WakeUpFromRxMsgCallback
                0x08004d24        0x2 Drivers/STM32F7xx_HAL_Driver/Src/stm32f7xx_hal_can.o
                0x08004d24                HAL_CAN_WakeUpFromRxMsgCallback
 .text.HAL_CAN_ErrorCallback
                0x08004d26        0x2 Drivers/STM32F7xx_HAL_Driver/Src/stm32f7xx_hal_can.o
                0x08004d26                HAL_CAN_ErrorCallback
 .text.HAL_CAN_IRQHandler
                0x08004d28      0x258 Drivers/STM32F7xx_HAL_Driver/Src/stm32f7xx_hal_can.o
                0x08004d28                HAL_CAN_IRQHandler
 .text.HAL_NVIC_SetPriorityGrouping
                0x08004f80       0x24 Drivers/STM32F7xx_HAL_Driver/Src/stm32f7xx_hal_cortex.o
                0x08004f80                HAL_NVIC_SetPriorityGrouping
 .text.HAL_NVIC_SetPriority
                0x08004fa4       0x64 Drivers/STM32F7xx_HAL_Driver/Src/stm32f7xx_hal_cortex.o
                0x08004fa4                HAL_NVIC_SetPriority
 .text.HAL_NVIC_EnableIRQ
                0x08005008       0x1c Drivers/STM32F7xx_HAL_Driver/Src/stm32f7xx_hal_cortex.o
                0x08005008                HAL_NVIC_EnableIRQ
 .text.HAL_NVIC_SystemReset
                0x08005024       0x24 Drivers/STM32F7xx_HAL_Driver/Src/stm32f7xx_hal_cortex.o
                0x08005024                HAL_NVIC_SystemReset
 .text.HAL_SYSTICK_Config
                0x08005048       0x2c Drivers/STM32F7xx_HAL_Driver/Src/stm32f7xx_hal_cortex.o
                0x08005048                HAL_SYSTICK_Config
 .text.HAL_GPIO_Init
                0x08005074      0x1e8 Drivers/STM32F7xx_HAL_Driver/Src/stm32f7xx_hal_gpio.o
                0x08005074                HAL_GPIO_Init
 .text.HAL_GPIO_ReadPin
                0x0800525c        0xe Drivers/STM32F7xx_HAL_Driver/Src/stm32f7xx_hal_gpio.o
                0x0800525c                HAL_GPIO_ReadPin
 .text.HAL_GPIO_WritePin
                0x0800526a        0xc Drivers/STM32F7xx_HAL_Driver/Src/stm32f7xx_hal_gpio.o
                0x0800526a                HAL_GPIO_WritePin
 .text.HAL_GPIO_TogglePin
                0x08005276       0x12 Drivers/STM32F7xx_HAL_Driver/Src/stm32f7xx_hal_gpio.o
                0x08005276                HAL_GPIO_TogglePin
 .text.HAL_PWREx_EnableOverDrive
                0x08005288       0x7c Drivers/STM32F7xx_HAL_Driver/Src/stm32f7xx_hal_pwr_ex.o
                0x08005288                HAL_PWREx_EnableOverDrive
 .text.HAL_RCC_OscConfig
                0x08005304      0x444 Drivers/STM32F7xx_HAL_Driver/Src/stm32f7xx_hal_rcc.o
                0x08005304                HAL_RCC_OscConfig
 .text.HAL_RCC_GetSysClockFreq
                0x08005748       0xd8 Drivers/STM32F7xx_HAL_Driver/Src/stm32f7xx_hal_rcc.o
                0x08005748                HAL_RCC_GetSysClockFreq
 .text.HAL_RCC_ClockConfig
                0x08005820      0x168 Drivers/STM32F7xx_HAL_Driver/Src/stm32f7xx_hal_rcc.o
                0x08005820                HAL_RCC_ClockConfig
 .text.HAL_RCC_GetHCLKFreq
                0x08005988        0xc Drivers/STM32F7xx_HAL_Driver/Src/stm32f7xx_hal_rcc.o
                0x08005988                HAL_RCC_GetHCLKFreq
 .text.HAL_RCC_GetPCLK1Freq
                0x08005994       0x20 Drivers/STM32F7xx_HAL_Driver/Src/stm32f7xx_hal_rcc.o
                0x08005994                HAL_RCC_GetPCLK1Freq
 .text.HAL_RCC_GetPCLK2Freq
                0x080059b4       0x20 Drivers/STM32F7xx_HAL_Driver/Src/stm32f7xx_hal_rcc.o
                0x080059b4                HAL_RCC_GetPCLK2Freq
 .text.HAL_RCCEx_PeriphCLKConfig
                0x080059d4      0x5f8 Drivers/STM32F7xx_HAL_Driver/Src/stm32f7xx_hal_rcc_ex.o
                0x080059d4                HAL_RCCEx_PeriphCLKConfig
 .text.TIM_OC1_SetConfig
                0x08005fcc       0x68 Drivers/STM32F7xx_HAL_Driver/Src/stm32f7xx_hal_tim.o
 .text.TIM_OC3_SetConfig
                0x08006034       0x70 Drivers/STM32F7xx_HAL_Driver/Src/stm32f7xx_hal_tim.o
 .text.TIM_OC4_SetConfig
                0x080060a4       0x54 Drivers/STM32F7xx_HAL_Driver/Src/stm32f7xx_hal_tim.o
 .text.TIM_OC5_SetConfig
                0x080060f8       0x54 Drivers/STM32F7xx_HAL_Driver/Src/stm32f7xx_hal_tim.o
 .text.TIM_OC6_SetConfig
                0x0800614c       0x54 Drivers/STM32F7xx_HAL_Driver/Src/stm32f7xx_hal_tim.o
 .text.HAL_TIM_Base_Start_IT
                0x080061a0       0x90 Drivers/STM32F7xx_HAL_Driver/Src/stm32f7xx_hal_tim.o
                0x080061a0                HAL_TIM_Base_Start_IT
 .text.HAL_TIM_OC_DelayElapsedCallback
                0x08006230        0x2 Drivers/STM32F7xx_HAL_Driver/Src/stm32f7xx_hal_tim.o
                0x08006230                HAL_TIM_OC_DelayElapsedCallback
 .text.HAL_TIM_IC_CaptureCallback
                0x08006232        0x2 Drivers/STM32F7xx_HAL_Driver/Src/stm32f7xx_hal_tim.o
                0x08006232                HAL_TIM_IC_CaptureCallback
 .text.HAL_TIM_PWM_PulseFinishedCallback
                0x08006234        0x2 Drivers/STM32F7xx_HAL_Driver/Src/stm32f7xx_hal_tim.o
                0x08006234                HAL_TIM_PWM_PulseFinishedCallback
 .text.HAL_TIM_TriggerCallback
                0x08006236        0x2 Drivers/STM32F7xx_HAL_Driver/Src/stm32f7xx_hal_tim.o
                0x08006236                HAL_TIM_TriggerCallback
 .text.HAL_TIM_IRQHandler
                0x08006238      0x19a Drivers/STM32F7xx_HAL_Driver/Src/stm32f7xx_hal_tim.o
                0x08006238                HAL_TIM_IRQHandler
 *fill*         0x080063d2        0x2 
 .text.TIM_Base_SetConfig
                0x080063d4      0x10c Drivers/STM32F7xx_HAL_Driver/Src/stm32f7xx_hal_tim.o
                0x080063d4                TIM_Base_SetConfig
 .text.HAL_TIM_Base_Init
                0x080064e0       0x5e Drivers/STM32F7xx_HAL_Driver/Src/stm32f7xx_hal_tim.o
                0x080064e0                HAL_TIM_Base_Init
 .text.HAL_TIM_PWM_Init
                0x0800653e       0x5e Drivers/STM32F7xx_HAL_Driver/Src/stm32f7xx_hal_tim.o
                0x0800653e                HAL_TIM_PWM_Init
 .text.HAL_TIM_Encoder_Init
                0x0800659c       0xb0 Drivers/STM32F7xx_HAL_Driver/Src/stm32f7xx_hal_tim.o
                0x0800659c                HAL_TIM_Encoder_Init
 .text.TIM_OC2_SetConfig
                0x0800664c       0x70 Drivers/STM32F7xx_HAL_Driver/Src/stm32f7xx_hal_tim.o
                0x0800664c                TIM_OC2_SetConfig
 .text.HAL_TIM_PWM_ConfigChannel
                0x080066bc      0x13a Drivers/STM32F7xx_HAL_Driver/Src/stm32f7xx_hal_tim.o
                0x080066bc                HAL_TIM_PWM_ConfigChannel
 .text.TIM_CCxChannelCmd
                0x080067f6       0x22 Drivers/STM32F7xx_HAL_Driver/Src/stm32f7xx_hal_tim.o
                0x080067f6                TIM_CCxChannelCmd
 .text.HAL_TIM_PWM_Start
                0x08006818      0x15c Drivers/STM32F7xx_HAL_Driver/Src/stm32f7xx_hal_tim.o
                0x08006818                HAL_TIM_PWM_Start
 .text.HAL_TIM_Encoder_Start
                0x08006974       0xc4 Drivers/STM32F7xx_HAL_Driver/Src/stm32f7xx_hal_tim.o
                0x08006974                HAL_TIM_Encoder_Start
 .text.HAL_TIMEx_MasterConfigSynchronization
                0x08006a38       0xa0 Drivers/STM32F7xx_HAL_Driver/Src/stm32f7xx_hal_tim_ex.o
                0x08006a38                HAL_TIMEx_MasterConfigSynchronization
 .text.HAL_TIMEx_CommutCallback
                0x08006ad8        0x2 Drivers/STM32F7xx_HAL_Driver/Src/stm32f7xx_hal_tim_ex.o
                0x08006ad8                HAL_TIMEx_CommutCallback
 .text.HAL_TIMEx_BreakCallback
                0x08006ada        0x2 Drivers/STM32F7xx_HAL_Driver/Src/stm32f7xx_hal_tim_ex.o
                0x08006ada                HAL_TIMEx_BreakCallback
 .text.HAL_TIMEx_Break2Callback
                0x08006adc        0x2 Drivers/STM32F7xx_HAL_Driver/Src/stm32f7xx_hal_tim_ex.o
                0x08006adc                HAL_TIMEx_Break2Callback
 *fill*         0x08006ade        0x2 
 .text.UART_SetConfig
                0x08006ae0      0x304 Drivers/STM32F7xx_HAL_Driver/Src/stm32f7xx_hal_uart.o
                0x08006ae0                UART_SetConfig
 .text.UART_AdvFeatureConfig
                0x08006de4       0xca Drivers/STM32F7xx_HAL_Driver/Src/stm32f7xx_hal_uart.o
                0x08006de4                UART_AdvFeatureConfig
 .text.UART_WaitOnFlagUntilTimeout
                0x08006eae       0xca Drivers/STM32F7xx_HAL_Driver/Src/stm32f7xx_hal_uart.o
                0x08006eae                UART_WaitOnFlagUntilTimeout
 .text.HAL_UART_Transmit
                0x08006f78       0xde Drivers/STM32F7xx_HAL_Driver/Src/stm32f7xx_hal_uart.o
                0x08006f78                HAL_UART_Transmit
 .text.UART_CheckIdleState
                0x08007056       0x70 Drivers/STM32F7xx_HAL_Driver/Src/stm32f7xx_hal_uart.o
                0x08007056                UART_CheckIdleState
 .text.HAL_UART_Init
                0x080070c6       0x62 Drivers/STM32F7xx_HAL_Driver/Src/stm32f7xx_hal_uart.o
                0x080070c6                HAL_UART_Init
 .text.Reset_Handler
                0x08007128       0x50 startup/startup_stm32f767xx.o
                0x08007128                Reset_Handler
 .text.Default_Handler
                0x08007178        0x2 startup/startup_stm32f767xx.o
                0x08007178                RTC_Alarm_IRQHandler
                0x08007178                EXTI2_IRQHandler
                0x08007178                TIM8_CC_IRQHandler
                0x08007178                UART8_IRQHandler
                0x08007178                SPI4_IRQHandler
                0x08007178                TIM1_CC_IRQHandler
                0x08007178                DMA2_Stream5_IRQHandler
                0x08007178                JPEG_IRQHandler
                0x08007178                DMA1_Stream5_IRQHandler
                0x08007178                PVD_IRQHandler
                0x08007178                TAMP_STAMP_IRQHandler
                0x08007178                CAN2_RX1_IRQHandler
                0x08007178                EXTI3_IRQHandler
                0x08007178                TIM8_TRG_COM_TIM14_IRQHandler
                0x08007178                DFSDM1_FLT1_IRQHandler
                0x08007178                TIM1_UP_TIM10_IRQHandler
                0x08007178                TIM8_UP_TIM13_IRQHandler
                0x08007178                I2C3_ER_IRQHandler
                0x08007178                DFSDM1_FLT2_IRQHandler
                0x08007178                EXTI0_IRQHandler
                0x08007178                I2C2_EV_IRQHandler
                0x08007178                DMA1_Stream2_IRQHandler
                0x08007178                CAN1_RX0_IRQHandler
                0x08007178                FPU_IRQHandler
                0x08007178                OTG_HS_WKUP_IRQHandler
                0x08007178                LTDC_ER_IRQHandler
                0x08007178                CAN2_SCE_IRQHandler
                0x08007178                DMA2_Stream2_IRQHandler
                0x08007178                SPI1_IRQHandler
                0x08007178                TIM1_BRK_TIM9_IRQHandler
                0x08007178                DCMI_IRQHandler
                0x08007178                CAN2_RX0_IRQHandler
                0x08007178                DMA2_Stream3_IRQHandler
                0x08007178                SAI2_IRQHandler
                0x08007178                DFSDM1_FLT3_IRQHandler
                0x08007178                USART6_IRQHandler
                0x08007178                USART3_IRQHandler
                0x08007178                CAN1_RX1_IRQHandler
                0x08007178                UART5_IRQHandler
                0x08007178                DMA2_Stream0_IRQHandler
                0x08007178                TIM4_IRQHandler
                0x08007178                QUADSPI_IRQHandler
                0x08007178                I2C1_EV_IRQHandler
                0x08007178                DMA1_Stream6_IRQHandler
                0x08007178                DMA1_Stream1_IRQHandler
                0x08007178                UART4_IRQHandler
                0x08007178                TIM3_IRQHandler
                0x08007178                RCC_IRQHandler
                0x08007178                TIM8_BRK_TIM12_IRQHandler
                0x08007178                Default_Handler
                0x08007178                CEC_IRQHandler
                0x08007178                EXTI15_10_IRQHandler
                0x08007178                ADC_IRQHandler
                0x08007178                DMA1_Stream7_IRQHandler
                0x08007178                SPI5_IRQHandler
                0x08007178                SDMMC1_IRQHandler
                0x08007178                CAN2_TX_IRQHandler
                0x08007178                TIM5_IRQHandler
                0x08007178                DMA2_Stream7_IRQHandler
                0x08007178                I2C3_EV_IRQHandler
                0x08007178                EXTI9_5_IRQHandler
                0x08007178                RTC_WKUP_IRQHandler
                0x08007178                LTDC_IRQHandler
                0x08007178                ETH_WKUP_IRQHandler
                0x08007178                SPDIF_RX_IRQHandler
                0x08007178                SPI2_IRQHandler
                0x08007178                OTG_HS_EP1_IN_IRQHandler
                0x08007178                DMA1_Stream0_IRQHandler
                0x08007178                CAN1_TX_IRQHandler
                0x08007178                EXTI4_IRQHandler
                0x08007178                RNG_IRQHandler
                0x08007178                ETH_IRQHandler
                0x08007178                OTG_HS_EP1_OUT_IRQHandler
                0x08007178                WWDG_IRQHandler
                0x08007178                SPI6_IRQHandler
                0x08007178                MDIOS_IRQHandler
                0x08007178                I2C4_EV_IRQHandler
                0x08007178                TIM2_IRQHandler
                0x08007178                OTG_FS_WKUP_IRQHandler
                0x08007178                TIM1_TRG_COM_TIM11_IRQHandler
                0x08007178                OTG_HS_IRQHandler
                0x08007178                DMA2D_IRQHandler
                0x08007178                EXTI1_IRQHandler
                0x08007178                SDMMC2_IRQHandler
                0x08007178                UART7_IRQHandler
                0x08007178                USART2_IRQHandler
                0x08007178                DFSDM1_FLT0_IRQHandler
                0x08007178                I2C2_ER_IRQHandler
                0x08007178                DMA2_Stream1_IRQHandler
                0x08007178                CAN1_SCE_IRQHandler
                0x08007178                FLASH_IRQHandler
                0x08007178                DMA2_Stream4_IRQHandler
                0x08007178                USART1_IRQHandler
                0x08007178                OTG_FS_IRQHandler
                0x08007178                SPI3_IRQHandler
                0x08007178                DMA1_Stream4_IRQHandler
                0x08007178                I2C1_ER_IRQHandler
                0x08007178                FMC_IRQHandler
                0x08007178                LPTIM1_IRQHandler
                0x08007178                I2C4_ER_IRQHandler
                0x08007178                DMA2_Stream6_IRQHandler
                0x08007178                SAI1_IRQHandler
                0x08007178                DMA1_Stream3_IRQHandler
 *fill*         0x0800717a        0x2 
 .text.__errno  0x0800717c        0xc c:/ac6/systemworkbench/plugins/fr.ac6.mcu.externaltools.arm-none.win32_1.17.0.201812190825/tools/compiler/bin/../lib/gcc/arm-none-eabi/7.3.1/../../../../arm-none-eabi/lib/thumb/v7e-m/fpv5/hard\libc_nano.a(lib_a-errno.o)
                0x0800717c                __errno
 .text.__libc_init_array
                0x08007188       0x48 c:/ac6/systemworkbench/plugins/fr.ac6.mcu.externaltools.arm-none.win32_1.17.0.201812190825/tools/compiler/bin/../lib/gcc/arm-none-eabi/7.3.1/../../../../arm-none-eabi/lib/thumb/v7e-m/fpv5/hard\libc_nano.a(lib_a-init.o)
                0x08007188                __libc_init_array
 .text.memset   0x080071d0       0x10 c:/ac6/systemworkbench/plugins/fr.ac6.mcu.externaltools.arm-none.win32_1.17.0.201812190825/tools/compiler/bin/../lib/gcc/arm-none-eabi/7.3.1/../../../../arm-none-eabi/lib/thumb/v7e-m/fpv5/hard\libc_nano.a(lib_a-memset.o)
                0x080071d0                memset
 .text.__cvt    0x080071e0       0xa4 c:/ac6/systemworkbench/plugins/fr.ac6.mcu.externaltools.arm-none.win32_1.17.0.201812190825/tools/compiler/bin/../lib/gcc/arm-none-eabi/7.3.1/../../../../arm-none-eabi/lib/thumb/v7e-m/fpv5/hard\libc_nano.a(lib_a-nano-vfprintf_float.o)
                0x080071e0                __cvt
 .text.__exponent
                0x08007284       0x66 c:/ac6/systemworkbench/plugins/fr.ac6.mcu.externaltools.arm-none.win32_1.17.0.201812190825/tools/compiler/bin/../lib/gcc/arm-none-eabi/7.3.1/../../../../arm-none-eabi/lib/thumb/v7e-m/fpv5/hard\libc_nano.a(lib_a-nano-vfprintf_float.o)
                0x08007284                __exponent
 *fill*         0x080072ea        0x6 
 .text._printf_float
                0x080072f0      0x458 c:/ac6/systemworkbench/plugins/fr.ac6.mcu.externaltools.arm-none.win32_1.17.0.201812190825/tools/compiler/bin/../lib/gcc/arm-none-eabi/7.3.1/../../../../arm-none-eabi/lib/thumb/v7e-m/fpv5/hard\libc_nano.a(lib_a-nano-vfprintf_float.o)
                0x080072f0                _printf_float
 .text._printf_common
                0x08007748       0xea c:/ac6/systemworkbench/plugins/fr.ac6.mcu.externaltools.arm-none.win32_1.17.0.201812190825/tools/compiler/bin/../lib/gcc/arm-none-eabi/7.3.1/../../../../arm-none-eabi/lib/thumb/v7e-m/fpv5/hard\libc_nano.a(lib_a-nano-vfprintf_i.o)
                0x08007748                _printf_common
 *fill*         0x08007832        0x2 
 .text._printf_i
                0x08007834      0x224 c:/ac6/systemworkbench/plugins/fr.ac6.mcu.externaltools.arm-none.win32_1.17.0.201812190825/tools/compiler/bin/../lib/gcc/arm-none-eabi/7.3.1/../../../../arm-none-eabi/lib/thumb/v7e-m/fpv5/hard\libc_nano.a(lib_a-nano-vfprintf_i.o)
                0x08007834                _printf_i
 .text._vsnprintf_r
                0x08007a58       0x58 c:/ac6/systemworkbench/plugins/fr.ac6.mcu.externaltools.arm-none.win32_1.17.0.201812190825/tools/compiler/bin/../lib/gcc/arm-none-eabi/7.3.1/../../../../arm-none-eabi/lib/thumb/v7e-m/fpv5/hard\libc_nano.a(lib_a-vsnprintf.o)
                0x08007a58                _vsniprintf_r
                0x08007a58                _vsnprintf_r
 .text.vsnprintf
                0x08007ab0       0x1c c:/ac6/systemworkbench/plugins/fr.ac6.mcu.externaltools.arm-none.win32_1.17.0.201812190825/tools/compiler/bin/../lib/gcc/arm-none-eabi/7.3.1/../../../../arm-none-eabi/lib/thumb/v7e-m/fpv5/hard\libc_nano.a(lib_a-vsnprintf.o)
                0x08007ab0                vsniprintf
                0x08007ab0                vsnprintf
 .text.quorem   0x08007acc      0x118 c:/ac6/systemworkbench/plugins/fr.ac6.mcu.externaltools.arm-none.win32_1.17.0.201812190825/tools/compiler/bin/../lib/gcc/arm-none-eabi/7.3.1/../../../../arm-none-eabi/lib/thumb/v7e-m/fpv5/hard\libc_nano.a(lib_a-dtoa.o)
 *fill*         0x08007be4        0x4 
 .text._dtoa_r  0x08007be8      0xa98 c:/ac6/systemworkbench/plugins/fr.ac6.mcu.externaltools.arm-none.win32_1.17.0.201812190825/tools/compiler/bin/../lib/gcc/arm-none-eabi/7.3.1/../../../../arm-none-eabi/lib/thumb/v7e-m/fpv5/hard\libc_nano.a(lib_a-dtoa.o)
                0x08007be8                _dtoa_r
 .text._localeconv_r
                0x08008680       0x1c c:/ac6/systemworkbench/plugins/fr.ac6.mcu.externaltools.arm-none.win32_1.17.0.201812190825/tools/compiler/bin/../lib/gcc/arm-none-eabi/7.3.1/../../../../arm-none-eabi/lib/thumb/v7e-m/fpv5/hard\libc_nano.a(lib_a-localeconv.o)
                0x08008680                _localeconv_r
 .text.malloc   0x0800869c       0x10 c:/ac6/systemworkbench/plugins/fr.ac6.mcu.externaltools.arm-none.win32_1.17.0.201812190825/tools/compiler/bin/../lib/gcc/arm-none-eabi/7.3.1/../../../../arm-none-eabi/lib/thumb/v7e-m/fpv5/hard\libc_nano.a(lib_a-malloc.o)
                0x0800869c                malloc
 .text.memcpy   0x080086ac       0x16 c:/ac6/systemworkbench/plugins/fr.ac6.mcu.externaltools.arm-none.win32_1.17.0.201812190825/tools/compiler/bin/../lib/gcc/arm-none-eabi/7.3.1/../../../../arm-none-eabi/lib/thumb/v7e-m/fpv5/hard\libc_nano.a(lib_a-memcpy-stub.o)
                0x080086ac                memcpy
 .text._Balloc  0x080086c2       0x68 c:/ac6/systemworkbench/plugins/fr.ac6.mcu.externaltools.arm-none.win32_1.17.0.201812190825/tools/compiler/bin/../lib/gcc/arm-none-eabi/7.3.1/../../../../arm-none-eabi/lib/thumb/v7e-m/fpv5/hard\libc_nano.a(lib_a-mprec.o)
                0x080086c2                _Balloc
 .text._Bfree   0x0800872a       0x2e c:/ac6/systemworkbench/plugins/fr.ac6.mcu.externaltools.arm-none.win32_1.17.0.201812190825/tools/compiler/bin/../lib/gcc/arm-none-eabi/7.3.1/../../../../arm-none-eabi/lib/thumb/v7e-m/fpv5/hard\libc_nano.a(lib_a-mprec.o)
                0x0800872a                _Bfree
 .text.__multadd
                0x08008758       0x76 c:/ac6/systemworkbench/plugins/fr.ac6.mcu.externaltools.arm-none.win32_1.17.0.201812190825/tools/compiler/bin/../lib/gcc/arm-none-eabi/7.3.1/../../../../arm-none-eabi/lib/thumb/v7e-m/fpv5/hard\libc_nano.a(lib_a-mprec.o)
                0x08008758                __multadd
 .text.__hi0bits
                0x080087ce       0x3e c:/ac6/systemworkbench/plugins/fr.ac6.mcu.externaltools.arm-none.win32_1.17.0.201812190825/tools/compiler/bin/../lib/gcc/arm-none-eabi/7.3.1/../../../../arm-none-eabi/lib/thumb/v7e-m/fpv5/hard\libc_nano.a(lib_a-mprec.o)
                0x080087ce                __hi0bits
 .text.__lo0bits
                0x0800880c       0x5e c:/ac6/systemworkbench/plugins/fr.ac6.mcu.externaltools.arm-none.win32_1.17.0.201812190825/tools/compiler/bin/../lib/gcc/arm-none-eabi/7.3.1/../../../../arm-none-eabi/lib/thumb/v7e-m/fpv5/hard\libc_nano.a(lib_a-mprec.o)
                0x0800880c                __lo0bits
 .text.__i2b    0x0800886a       0x12 c:/ac6/systemworkbench/plugins/fr.ac6.mcu.externaltools.arm-none.win32_1.17.0.201812190825/tools/compiler/bin/../lib/gcc/arm-none-eabi/7.3.1/../../../../arm-none-eabi/lib/thumb/v7e-m/fpv5/hard\libc_nano.a(lib_a-mprec.o)
                0x0800886a                __i2b
 .text.__multiply
                0x0800887c      0x12c c:/ac6/systemworkbench/plugins/fr.ac6.mcu.externaltools.arm-none.win32_1.17.0.201812190825/tools/compiler/bin/../lib/gcc/arm-none-eabi/7.3.1/../../../../arm-none-eabi/lib/thumb/v7e-m/fpv5/hard\libc_nano.a(lib_a-mprec.o)
                0x0800887c                __multiply
 .text.__pow5mult
                0x080089a8       0x9c c:/ac6/systemworkbench/plugins/fr.ac6.mcu.externaltools.arm-none.win32_1.17.0.201812190825/tools/compiler/bin/../lib/gcc/arm-none-eabi/7.3.1/../../../../arm-none-eabi/lib/thumb/v7e-m/fpv5/hard\libc_nano.a(lib_a-mprec.o)
                0x080089a8                __pow5mult
 .text.__lshift
                0x08008a44       0xa8 c:/ac6/systemworkbench/plugins/fr.ac6.mcu.externaltools.arm-none.win32_1.17.0.201812190825/tools/compiler/bin/../lib/gcc/arm-none-eabi/7.3.1/../../../../arm-none-eabi/lib/thumb/v7e-m/fpv5/hard\libc_nano.a(lib_a-mprec.o)
                0x08008a44                __lshift
 .text.__mcmp   0x08008aec       0x34 c:/ac6/systemworkbench/plugins/fr.ac6.mcu.externaltools.arm-none.win32_1.17.0.201812190825/tools/compiler/bin/../lib/gcc/arm-none-eabi/7.3.1/../../../../arm-none-eabi/lib/thumb/v7e-m/fpv5/hard\libc_nano.a(lib_a-mprec.o)
                0x08008aec                __mcmp
 .text.__mdiff  0x08008b20       0xba c:/ac6/systemworkbench/plugins/fr.ac6.mcu.externaltools.arm-none.win32_1.17.0.201812190825/tools/compiler/bin/../lib/gcc/arm-none-eabi/7.3.1/../../../../arm-none-eabi/lib/thumb/v7e-m/fpv5/hard\libc_nano.a(lib_a-mprec.o)
                0x08008b20                __mdiff
 .text.__d2b    0x08008bda       0x9e c:/ac6/systemworkbench/plugins/fr.ac6.mcu.externaltools.arm-none.win32_1.17.0.201812190825/tools/compiler/bin/../lib/gcc/arm-none-eabi/7.3.1/../../../../arm-none-eabi/lib/thumb/v7e-m/fpv5/hard\libc_nano.a(lib_a-mprec.o)
                0x08008bda                __d2b
 .text._calloc_r
                0x08008c78       0x1c c:/ac6/systemworkbench/plugins/fr.ac6.mcu.externaltools.arm-none.win32_1.17.0.201812190825/tools/compiler/bin/../lib/gcc/arm-none-eabi/7.3.1/../../../../arm-none-eabi/lib/thumb/v7e-m/fpv5/hard\libc_nano.a(lib_a-nano-callocr.o)
                0x08008c78                _calloc_r
 .text._free_r  0x08008c94       0x9c c:/ac6/systemworkbench/plugins/fr.ac6.mcu.externaltools.arm-none.win32_1.17.0.201812190825/tools/compiler/bin/../lib/gcc/arm-none-eabi/7.3.1/../../../../arm-none-eabi/lib/thumb/v7e-m/fpv5/hard\libc_nano.a(lib_a-nano-freer.o)
                0x08008c94                _free_r
 .text._malloc_r
                0x08008d30       0xb4 c:/ac6/systemworkbench/plugins/fr.ac6.mcu.externaltools.arm-none.win32_1.17.0.201812190825/tools/compiler/bin/../lib/gcc/arm-none-eabi/7.3.1/../../../../arm-none-eabi/lib/thumb/v7e-m/fpv5/hard\libc_nano.a(lib_a-nano-mallocr.o)
                0x08008d30                _malloc_r
 .text.__ssputs_r
                0x08008de4       0xb4 c:/ac6/systemworkbench/plugins/fr.ac6.mcu.externaltools.arm-none.win32_1.17.0.201812190825/tools/compiler/bin/../lib/gcc/arm-none-eabi/7.3.1/../../../../arm-none-eabi/lib/thumb/v7e-m/fpv5/hard\libc_nano.a(lib_a-nano-svfprintf.o)
                0x08008de4                __ssputs_r
 .text._svfprintf_r
                0x08008e98      0x1f0 c:/ac6/systemworkbench/plugins/fr.ac6.mcu.externaltools.arm-none.win32_1.17.0.201812190825/tools/compiler/bin/../lib/gcc/arm-none-eabi/7.3.1/../../../../arm-none-eabi/lib/thumb/v7e-m/fpv5/hard\libc_nano.a(lib_a-nano-svfprintf.o)
                0x08008e98                _svfiprintf_r
                0x08008e98                _svfprintf_r
 .text._sbrk_r  0x08009088       0x20 c:/ac6/systemworkbench/plugins/fr.ac6.mcu.externaltools.arm-none.win32_1.17.0.201812190825/tools/compiler/bin/../lib/gcc/arm-none-eabi/7.3.1/../../../../arm-none-eabi/lib/thumb/v7e-m/fpv5/hard\libc_nano.a(lib_a-sbrkr.o)
                0x08009088                _sbrk_r
 .text.__ascii_mbtowc
                0x080090a8       0x24 c:/ac6/systemworkbench/plugins/fr.ac6.mcu.externaltools.arm-none.win32_1.17.0.201812190825/tools/compiler/bin/../lib/gcc/arm-none-eabi/7.3.1/../../../../arm-none-eabi/lib/thumb/v7e-m/fpv5/hard\libc_nano.a(lib_a-mbtowc_r.o)
                0x080090a8                __ascii_mbtowc
 .text.memmove  0x080090cc       0x32 c:/ac6/systemworkbench/plugins/fr.ac6.mcu.externaltools.arm-none.win32_1.17.0.201812190825/tools/compiler/bin/../lib/gcc/arm-none-eabi/7.3.1/../../../../arm-none-eabi/lib/thumb/v7e-m/fpv5/hard\libc_nano.a(lib_a-memmove.o)
                0x080090cc                memmove
 .text.__malloc_lock
                0x080090fe        0x2 c:/ac6/systemworkbench/plugins/fr.ac6.mcu.externaltools.arm-none.win32_1.17.0.201812190825/tools/compiler/bin/../lib/gcc/arm-none-eabi/7.3.1/../../../../arm-none-eabi/lib/thumb/v7e-m/fpv5/hard\libc_nano.a(lib_a-mlock.o)
                0x080090fe                __malloc_lock
 .text.__malloc_unlock
                0x08009100        0x2 c:/ac6/systemworkbench/plugins/fr.ac6.mcu.externaltools.arm-none.win32_1.17.0.201812190825/tools/compiler/bin/../lib/gcc/arm-none-eabi/7.3.1/../../../../arm-none-eabi/lib/thumb/v7e-m/fpv5/hard\libc_nano.a(lib_a-mlock.o)
                0x08009100                __malloc_unlock
 .text._realloc_r
                0x08009102       0x4c c:/ac6/systemworkbench/plugins/fr.ac6.mcu.externaltools.arm-none.win32_1.17.0.201812190825/tools/compiler/bin/../lib/gcc/arm-none-eabi/7.3.1/../../../../arm-none-eabi/lib/thumb/v7e-m/fpv5/hard\libc_nano.a(lib_a-nano-reallocr.o)
                0x08009102                _realloc_r
 .text.__ascii_wctomb
                0x0800914e       0x1a c:/ac6/systemworkbench/plugins/fr.ac6.mcu.externaltools.arm-none.win32_1.17.0.201812190825/tools/compiler/bin/../lib/gcc/arm-none-eabi/7.3.1/../../../../arm-none-eabi/lib/thumb/v7e-m/fpv5/hard\libc_nano.a(lib_a-wctomb_r.o)
                0x0800914e                __ascii_wctomb
 .text._malloc_usable_size_r
                0x08009168       0x10 c:/ac6/systemworkbench/plugins/fr.ac6.mcu.externaltools.arm-none.win32_1.17.0.201812190825/tools/compiler/bin/../lib/gcc/arm-none-eabi/7.3.1/../../../../arm-none-eabi/lib/thumb/v7e-m/fpv5/hard\libc_nano.a(lib_a-nano-msizer.o)
                0x08009168                _malloc_usable_size_r
 *(.glue_7)
 .glue_7        0x08009178        0x0 linker stubs
 *(.glue_7t)
 .glue_7t       0x08009178        0x0 linker stubs
 *(.eh_frame)
 .eh_frame      0x08009178        0x0 c:/ac6/systemworkbench/plugins/fr.ac6.mcu.externaltools.arm-none.win32_1.17.0.201812190825/tools/compiler/bin/../lib/gcc/arm-none-eabi/7.3.1/thumb/v7e-m/fpv5/hard/crtbegin.o
 *(.init)
 .init          0x08009178        0x4 c:/ac6/systemworkbench/plugins/fr.ac6.mcu.externaltools.arm-none.win32_1.17.0.201812190825/tools/compiler/bin/../lib/gcc/arm-none-eabi/7.3.1/thumb/v7e-m/fpv5/hard/crti.o
                0x08009178                _init
 .init          0x0800917c        0x8 c:/ac6/systemworkbench/plugins/fr.ac6.mcu.externaltools.arm-none.win32_1.17.0.201812190825/tools/compiler/bin/../lib/gcc/arm-none-eabi/7.3.1/thumb/v7e-m/fpv5/hard/crtn.o
 *(.fini)
 .fini          0x08009184        0x4 c:/ac6/systemworkbench/plugins/fr.ac6.mcu.externaltools.arm-none.win32_1.17.0.201812190825/tools/compiler/bin/../lib/gcc/arm-none-eabi/7.3.1/thumb/v7e-m/fpv5/hard/crti.o
                0x08009184                _fini
 .fini          0x08009188        0x8 c:/ac6/systemworkbench/plugins/fr.ac6.mcu.externaltools.arm-none.win32_1.17.0.201812190825/tools/compiler/bin/../lib/gcc/arm-none-eabi/7.3.1/thumb/v7e-m/fpv5/hard/crtn.o
                0x08009190                . = ALIGN (0x4)
                0x08009190                _etext = .

.vfp11_veneer   0x08009190        0x0
 .vfp11_veneer  0x08009190        0x0 linker stubs

.v4_bx          0x08009190        0x0
 .v4_bx         0x08009190        0x0 linker stubs

.iplt           0x08009190        0x0
 .iplt          0x08009190        0x0 c:/ac6/systemworkbench/plugins/fr.ac6.mcu.externaltools.arm-none.win32_1.17.0.201812190825/tools/compiler/bin/../lib/gcc/arm-none-eabi/7.3.1/thumb/v7e-m/fpv5/hard/crtbegin.o

.rodata         0x08009190      0x338
                0x08009190                . = ALIGN (0x4)
 *(.rodata)
 .rodata        0x08009190       0x18 Core/Src/system_stm32f7xx.o
                0x08009190                AHBPrescTable
                0x080091a0                APBPrescTable
 *(.rodata*)
 .rodata.str1.4
                0x080091a8       0x5b Core/Src/can_com.o
 *fill*         0x08009203        0x1 
 .rodata.str1.4
                0x08009204       0x64 Core/Src/control_main.o
                                 0x63 (size before relaxing)
 .rodata._printf_float.str1.1
                0x08009268       0x12 c:/ac6/systemworkbench/plugins/fr.ac6.mcu.externaltools.arm-none.win32_1.17.0.201812190825/tools/compiler/bin/../lib/gcc/arm-none-eabi/7.3.1/../../../../arm-none-eabi/lib/thumb/v7e-m/fpv5/hard\libc_nano.a(lib_a-nano-vfprintf_float.o)
 .rodata._printf_i.str1.1
                0x0800927a       0x22 c:/ac6/systemworkbench/plugins/fr.ac6.mcu.externaltools.arm-none.win32_1.17.0.201812190825/tools/compiler/bin/../lib/gcc/arm-none-eabi/7.3.1/../../../../arm-none-eabi/lib/thumb/v7e-m/fpv5/hard\libc_nano.a(lib_a-nano-vfprintf_i.o)
 .rodata._dtoa_r.str1.1
                0x0800929c        0xd c:/ac6/systemworkbench/plugins/fr.ac6.mcu.externaltools.arm-none.win32_1.17.0.201812190825/tools/compiler/bin/../lib/gcc/arm-none-eabi/7.3.1/../../../../arm-none-eabi/lib/thumb/v7e-m/fpv5/hard\libc_nano.a(lib_a-dtoa.o)
                                  0xf (size before relaxing)
 *fill*         0x080092a9        0x7 
 .rodata.__mprec_bigtens
                0x080092b0       0x28 c:/ac6/systemworkbench/plugins/fr.ac6.mcu.externaltools.arm-none.win32_1.17.0.201812190825/tools/compiler/bin/../lib/gcc/arm-none-eabi/7.3.1/../../../../arm-none-eabi/lib/thumb/v7e-m/fpv5/hard\libc_nano.a(lib_a-mprec.o)
                0x080092b0                __mprec_bigtens
 .rodata.__mprec_tens
                0x080092d8       0xc8 c:/ac6/systemworkbench/plugins/fr.ac6.mcu.externaltools.arm-none.win32_1.17.0.201812190825/tools/compiler/bin/../lib/gcc/arm-none-eabi/7.3.1/../../../../arm-none-eabi/lib/thumb/v7e-m/fpv5/hard\libc_nano.a(lib_a-mprec.o)
                0x080092d8                __mprec_tens
 .rodata.p05.7359
                0x080093a0        0xc c:/ac6/systemworkbench/plugins/fr.ac6.mcu.externaltools.arm-none.win32_1.17.0.201812190825/tools/compiler/bin/../lib/gcc/arm-none-eabi/7.3.1/../../../../arm-none-eabi/lib/thumb/v7e-m/fpv5/hard\libc_nano.a(lib_a-mprec.o)
 .rodata._svfprintf_r.str1.1
                0x080093ac       0x11 c:/ac6/systemworkbench/plugins/fr.ac6.mcu.externaltools.arm-none.win32_1.17.0.201812190825/tools/compiler/bin/../lib/gcc/arm-none-eabi/7.3.1/../../../../arm-none-eabi/lib/thumb/v7e-m/fpv5/hard\libc_nano.a(lib_a-nano-svfprintf.o)
 .rodata._setlocale_r.str1.1
                0x080093bd        0x8 c:/ac6/systemworkbench/plugins/fr.ac6.mcu.externaltools.arm-none.win32_1.17.0.201812190825/tools/compiler/bin/../lib/gcc/arm-none-eabi/7.3.1/../../../../arm-none-eabi/lib/thumb/v7e-m/fpv5/hard\libc_nano.a(lib_a-locale.o)
                                  0x9 (size before relaxing)
 .rodata.str1.1
                0x080093c5        0x2 c:/ac6/systemworkbench/plugins/fr.ac6.mcu.externaltools.arm-none.win32_1.17.0.201812190825/tools/compiler/bin/../lib/gcc/arm-none-eabi/7.3.1/../../../../arm-none-eabi/lib/thumb/v7e-m/fpv5/hard\libc_nano.a(lib_a-locale.o)
 .rodata._ctype_
                0x080093c7      0x101 c:/ac6/systemworkbench/plugins/fr.ac6.mcu.externaltools.arm-none.win32_1.17.0.201812190825/tools/compiler/bin/../lib/gcc/arm-none-eabi/7.3.1/../../../../arm-none-eabi/lib/thumb/v7e-m/fpv5/hard\libc_nano.a(lib_a-ctype_.o)
                0x080093c7                _ctype_
                0x080094c8                . = ALIGN (0x4)

.ARM.extab
 *(.ARM.extab* .gnu.linkonce.armextab.*)

.ARM            0x080094c8        0x8
                0x080094c8                __exidx_start = .
 *(.ARM.exidx*)
 .ARM.exidx     0x080094c8        0x8 c:/ac6/systemworkbench/plugins/fr.ac6.mcu.externaltools.arm-none.win32_1.17.0.201812190825/tools/compiler/bin/../lib/gcc/arm-none-eabi/7.3.1/thumb/v7e-m/fpv5/hard\libgcc.a(_udivmoddi4.o)
                0x080094d0                __exidx_end = .

.rel.dyn        0x080094d0        0x0
 .rel.iplt      0x080094d0        0x0 c:/ac6/systemworkbench/plugins/fr.ac6.mcu.externaltools.arm-none.win32_1.17.0.201812190825/tools/compiler/bin/../lib/gcc/arm-none-eabi/7.3.1/thumb/v7e-m/fpv5/hard/crtbegin.o

.preinit_array  0x080094d0        0x0
                0x080094d0                PROVIDE (__preinit_array_start = .)
 *(.preinit_array*)
                0x080094d0                PROVIDE (__preinit_array_end = .)

.init_array     0x080094d0        0x4
                0x080094d0                PROVIDE (__init_array_start = .)
 *(SORT_BY_NAME(.init_array.*))
 *(.init_array*)
 .init_array    0x080094d0        0x4 c:/ac6/systemworkbench/plugins/fr.ac6.mcu.externaltools.arm-none.win32_1.17.0.201812190825/tools/compiler/bin/../lib/gcc/arm-none-eabi/7.3.1/thumb/v7e-m/fpv5/hard/crtbegin.o
                0x080094d4                PROVIDE (__init_array_end = .)

.fini_array     0x080094d4        0x4
                [!provide]                PROVIDE (__fini_array_start = .)
 *(SORT_BY_NAME(.fini_array.*))
 *(.fini_array*)
 .fini_array    0x080094d4        0x4 c:/ac6/systemworkbench/plugins/fr.ac6.mcu.externaltools.arm-none.win32_1.17.0.201812190825/tools/compiler/bin/../lib/gcc/arm-none-eabi/7.3.1/thumb/v7e-m/fpv5/hard/crtbegin.o
                [!provide]                PROVIDE (__fini_array_end = .)
                0x080094d8                _sidata = LOADADDR (.data)

.data           0x20000000      0x1dc load address 0x080094d8
                0x20000000                . = ALIGN (0x4)
                0x20000000                _sdata = .
 *(.data)
 .data          0x20000000        0x4 Core/Src/system_stm32f7xx.o
                0x20000000                SystemCoreClock
 .data          0x20000004        0x8 Drivers/STM32F7xx_HAL_Driver/Src/stm32f7xx_hal.o
                0x20000004                uwTickFreq
                0x20000008                uwTickPrio
 *(.data*)
 .data._impure_ptr
                0x2000000c        0x4 c:/ac6/systemworkbench/plugins/fr.ac6.mcu.externaltools.arm-none.win32_1.17.0.201812190825/tools/compiler/bin/../lib/gcc/arm-none-eabi/7.3.1/../../../../arm-none-eabi/lib/thumb/v7e-m/fpv5/hard\libc_nano.a(lib_a-impure.o)
                0x2000000c                _impure_ptr
 .data.impure_data
                0x20000010       0x60 c:/ac6/systemworkbench/plugins/fr.ac6.mcu.externaltools.arm-none.win32_1.17.0.201812190825/tools/compiler/bin/../lib/gcc/arm-none-eabi/7.3.1/../../../../arm-none-eabi/lib/thumb/v7e-m/fpv5/hard\libc_nano.a(lib_a-impure.o)
 .data.__global_locale
                0x20000070      0x16c c:/ac6/systemworkbench/plugins/fr.ac6.mcu.externaltools.arm-none.win32_1.17.0.201812190825/tools/compiler/bin/../lib/gcc/arm-none-eabi/7.3.1/../../../../arm-none-eabi/lib/thumb/v7e-m/fpv5/hard\libc_nano.a(lib_a-locale.o)
                0x20000070                __global_locale
                0x200001dc                . = ALIGN (0x4)
                0x200001dc                _edata = .

.igot.plt       0x200001dc        0x0 load address 0x080096b4
 .igot.plt      0x200001dc        0x0 c:/ac6/systemworkbench/plugins/fr.ac6.mcu.externaltools.arm-none.win32_1.17.0.201812190825/tools/compiler/bin/../lib/gcc/arm-none-eabi/7.3.1/thumb/v7e-m/fpv5/hard/crtbegin.o
                0x200001dc                . = ALIGN (0x4)

.bss            0x200001dc      0x700 load address 0x080096b4
                0x200001dc                _sbss = .
                0x200001dc                __bss_start__ = _sbss
 *(.bss)
 .bss           0x200001dc       0x1c c:/ac6/systemworkbench/plugins/fr.ac6.mcu.externaltools.arm-none.win32_1.17.0.201812190825/tools/compiler/bin/../lib/gcc/arm-none-eabi/7.3.1/thumb/v7e-m/fpv5/hard/crtbegin.o
 .bss           0x200001f8        0xc Core/Src/can.o
 .bss           0x20000204       0x1d Core/Src/can_com.o
 *fill*         0x20000221        0x3 
 .bss           0x20000224      0x160 Core/Src/control.o
 .bss           0x20000384       0x7e Core/Src/control_main.o
 *fill*         0x20000402        0x2 
 .bss           0x20000404        0x7 Core/Src/controller.o
 *fill*         0x2000040b        0x1 
 .bss           0x2000040c       0x1c Core/Src/encoder.o
 .bss           0x20000428        0x3 Core/Src/main.o
                0x20000428                disc_number
                0x20000429                pid_stats
                0x2000042a                pile_state
 *fill*         0x2000042b        0x1 
 .bss           0x2000042c        0x8 Core/Src/syscalls.o
                0x20000430                __env
 *(.bss*)
 .bss.__malloc_free_list
                0x20000434        0x4 c:/ac6/systemworkbench/plugins/fr.ac6.mcu.externaltools.arm-none.win32_1.17.0.201812190825/tools/compiler/bin/../lib/gcc/arm-none-eabi/7.3.1/../../../../arm-none-eabi/lib/thumb/v7e-m/fpv5/hard\libc_nano.a(lib_a-nano-mallocr.o)
                0x20000434                __malloc_free_list
 .bss.__malloc_sbrk_start
                0x20000438        0x4 c:/ac6/systemworkbench/plugins/fr.ac6.mcu.externaltools.arm-none.win32_1.17.0.201812190825/tools/compiler/bin/../lib/gcc/arm-none-eabi/7.3.1/../../../../arm-none-eabi/lib/thumb/v7e-m/fpv5/hard\libc_nano.a(lib_a-nano-mallocr.o)
                0x20000438                __malloc_sbrk_start
 *(COMMON)
 COMMON         0x2000043c       0x83 Core/Src/can.o
                0x2000043c                camera_state
                0x20000440                hcan3
                0x20000468                hcan2
                0x20000490                pile_mode
                0x20000491                air_mode2
                0x20000492                partition_mode
                0x20000493                partition_air
                0x20000494                hcan1
                0x200004bc                lagori_mode
                0x200004bd                arm_mode
                0x200004be                air_mode1
 *fill*         0x200004bf        0x1 
 COMMON         0x200004c0      0x390 Core/Src/tim.o
                0x200004c0                htim8
                0x2000050c                htim4
                0x20000558                htim5
                0x200005a4                htim3
                0x200005f0                htim13
                0x2000063c                htim6
                0x20000688                htim1
                0x200006d4                htim9
                0x20000720                htim2
                0x2000076c                htim14
                0x200007b8                htim12
                0x20000804                htim7
 COMMON         0x20000850       0x84 Core/Src/usart.o
                0x20000850                huart1
 COMMON         0x200008d4        0x4 Drivers/STM32F7xx_HAL_Driver/Src/stm32f7xx_hal.o
                0x200008d4                uwTick
 COMMON         0x200008d8        0x4 c:/ac6/systemworkbench/plugins/fr.ac6.mcu.externaltools.arm-none.win32_1.17.0.201812190825/tools/compiler/bin/../lib/gcc/arm-none-eabi/7.3.1/../../../../arm-none-eabi/lib/thumb/v7e-m/fpv5/hard\libc_nano.a(lib_a-reent.o)
                0x200008d8                errno
                0x200008dc                . = ALIGN (0x4)
                0x200008dc                _ebss = .
                0x200008dc                __bss_end__ = _ebss

._user_heap_stack
                0x200008dc      0x604 load address 0x080096b4
                0x200008e0                . = ALIGN (0x8)
 *fill*         0x200008dc        0x4 
                0x200008e0                PROVIDE (end = .)
                [!provide]                PROVIDE (_end = .)
                0x20000ae0                . = (. + _Min_Heap_Size)
 *fill*         0x200008e0      0x200 
                0x20000ee0                . = (. + _Min_Stack_Size)
 *fill*         0x20000ae0      0x400 
                0x20000ee0                . = ALIGN (0x8)

/DISCARD/
 libc.a(*)
 libm.a(*)
 libgcc.a(*)

.ARM.attributes
                0x00000000       0x2e
 *(.ARM.attributes)
 .ARM.attributes
                0x00000000       0x20 c:/ac6/systemworkbench/plugins/fr.ac6.mcu.externaltools.arm-none.win32_1.17.0.201812190825/tools/compiler/bin/../lib/gcc/arm-none-eabi/7.3.1/thumb/v7e-m/fpv5/hard/crti.o
 .ARM.attributes
                0x00000020       0x32 c:/ac6/systemworkbench/plugins/fr.ac6.mcu.externaltools.arm-none.win32_1.17.0.201812190825/tools/compiler/bin/../lib/gcc/arm-none-eabi/7.3.1/thumb/v7e-m/fpv5/hard/crtbegin.o
 .ARM.attributes
                0x00000052       0x37 Core/Src/can.o
 .ARM.attributes
                0x00000089       0x37 Core/Src/can_com.o
 .ARM.attributes
                0x000000c0       0x37 Core/Src/control.o
 .ARM.attributes
                0x000000f7       0x37 Core/Src/control_main.o
 .ARM.attributes
                0x0000012e       0x37 Core/Src/controller.o
 .ARM.attributes
                0x00000165       0x37 Core/Src/encoder.o
 .ARM.attributes
                0x0000019c       0x37 Core/Src/gpio.o
 .ARM.attributes
                0x000001d3       0x37 Core/Src/main.o
 .ARM.attributes
                0x0000020a       0x37 Core/Src/motor.o
 .ARM.attributes
                0x00000241       0x37 Core/Src/pid.o
 .ARM.attributes
                0x00000278       0x37 Core/Src/stm32f7xx_hal_msp.o
 .ARM.attributes
                0x000002af       0x37 Core/Src/stm32f7xx_it.o
 .ARM.attributes
                0x000002e6       0x37 Core/Src/syscalls.o
 .ARM.attributes
                0x0000031d       0x37 Core/Src/system_stm32f7xx.o
 .ARM.attributes
                0x00000354       0x37 Core/Src/tim.o
 .ARM.attributes
                0x0000038b       0x37 Core/Src/usart.o
 .ARM.attributes
                0x000003c2       0x37 Drivers/STM32F7xx_HAL_Driver/Src/stm32f7xx_hal.o
 .ARM.attributes
                0x000003f9       0x37 Drivers/STM32F7xx_HAL_Driver/Src/stm32f7xx_hal_can.o
 .ARM.attributes
                0x00000430       0x37 Drivers/STM32F7xx_HAL_Driver/Src/stm32f7xx_hal_cortex.o
 .ARM.attributes
                0x00000467       0x37 Drivers/STM32F7xx_HAL_Driver/Src/stm32f7xx_hal_gpio.o
 .ARM.attributes
                0x0000049e       0x37 Drivers/STM32F7xx_HAL_Driver/Src/stm32f7xx_hal_pwr_ex.o
 .ARM.attributes
                0x000004d5       0x37 Drivers/STM32F7xx_HAL_Driver/Src/stm32f7xx_hal_rcc.o
 .ARM.attributes
                0x0000050c       0x37 Drivers/STM32F7xx_HAL_Driver/Src/stm32f7xx_hal_rcc_ex.o
 .ARM.attributes
                0x00000543       0x37 Drivers/STM32F7xx_HAL_Driver/Src/stm32f7xx_hal_tim.o
 .ARM.attributes
                0x0000057a       0x37 Drivers/STM32F7xx_HAL_Driver/Src/stm32f7xx_hal_tim_ex.o
 .ARM.attributes
                0x000005b1       0x37 Drivers/STM32F7xx_HAL_Driver/Src/stm32f7xx_hal_uart.o
 .ARM.attributes
                0x000005e8       0x21 startup/startup_stm32f767xx.o
 .ARM.attributes
                0x00000609       0x20 c:/ac6/systemworkbench/plugins/fr.ac6.mcu.externaltools.arm-none.win32_1.17.0.201812190825/tools/compiler/bin/../lib/gcc/arm-none-eabi/7.3.1/thumb/v7e-m/fpv5/hard\libgcc.a(_aeabi_uldivmod.o)
 .ARM.attributes
                0x00000629       0x32 c:/ac6/systemworkbench/plugins/fr.ac6.mcu.externaltools.arm-none.win32_1.17.0.201812190825/tools/compiler/bin/../lib/gcc/arm-none-eabi/7.3.1/thumb/v7e-m/fpv5/hard\libgcc.a(_udivmoddi4.o)
 .ARM.attributes
                0x0000065b       0x20 c:/ac6/systemworkbench/plugins/fr.ac6.mcu.externaltools.arm-none.win32_1.17.0.201812190825/tools/compiler/bin/../lib/gcc/arm-none-eabi/7.3.1/thumb/v7e-m/fpv5/hard\libgcc.a(_dvmd_tls.o)
 .ARM.attributes
                0x0000067b       0x32 c:/ac6/systemworkbench/plugins/fr.ac6.mcu.externaltools.arm-none.win32_1.17.0.201812190825/tools/compiler/bin/../lib/gcc/arm-none-eabi/7.3.1/../../../../arm-none-eabi/lib/thumb/v7e-m/fpv5/hard\libc_nano.a(lib_a-errno.o)
 .ARM.attributes
                0x000006ad       0x32 c:/ac6/systemworkbench/plugins/fr.ac6.mcu.externaltools.arm-none.win32_1.17.0.201812190825/tools/compiler/bin/../lib/gcc/arm-none-eabi/7.3.1/../../../../arm-none-eabi/lib/thumb/v7e-m/fpv5/hard\libc_nano.a(lib_a-impure.o)
 .ARM.attributes
                0x000006df       0x32 c:/ac6/systemworkbench/plugins/fr.ac6.mcu.externaltools.arm-none.win32_1.17.0.201812190825/tools/compiler/bin/../lib/gcc/arm-none-eabi/7.3.1/../../../../arm-none-eabi/lib/thumb/v7e-m/fpv5/hard\libc_nano.a(lib_a-init.o)
 .ARM.attributes
                0x00000711       0x32 c:/ac6/systemworkbench/plugins/fr.ac6.mcu.externaltools.arm-none.win32_1.17.0.201812190825/tools/compiler/bin/../lib/gcc/arm-none-eabi/7.3.1/../../../../arm-none-eabi/lib/thumb/v7e-m/fpv5/hard\libc_nano.a(lib_a-memset.o)
 .ARM.attributes
                0x00000743       0x32 c:/ac6/systemworkbench/plugins/fr.ac6.mcu.externaltools.arm-none.win32_1.17.0.201812190825/tools/compiler/bin/../lib/gcc/arm-none-eabi/7.3.1/../../../../arm-none-eabi/lib/thumb/v7e-m/fpv5/hard\libc_nano.a(lib_a-nano-vfprintf_float.o)
 .ARM.attributes
                0x00000775       0x32 c:/ac6/systemworkbench/plugins/fr.ac6.mcu.externaltools.arm-none.win32_1.17.0.201812190825/tools/compiler/bin/../lib/gcc/arm-none-eabi/7.3.1/../../../../arm-none-eabi/lib/thumb/v7e-m/fpv5/hard\libc_nano.a(lib_a-nano-vfprintf_i.o)
 .ARM.attributes
                0x000007a7       0x19 c:/ac6/systemworkbench/plugins/fr.ac6.mcu.externaltools.arm-none.win32_1.17.0.201812190825/tools/compiler/bin/../lib/gcc/arm-none-eabi/7.3.1/../../../../arm-none-eabi/lib/thumb/v7e-m/fpv5/hard\libc_nano.a(lib_a-strlen.o)
 .ARM.attributes
                0x000007c0       0x32 c:/ac6/systemworkbench/plugins/fr.ac6.mcu.externaltools.arm-none.win32_1.17.0.201812190825/tools/compiler/bin/../lib/gcc/arm-none-eabi/7.3.1/../../../../arm-none-eabi/lib/thumb/v7e-m/fpv5/hard\libc_nano.a(lib_a-vsnprintf.o)
 .ARM.attributes
                0x000007f2       0x32 c:/ac6/systemworkbench/plugins/fr.ac6.mcu.externaltools.arm-none.win32_1.17.0.201812190825/tools/compiler/bin/../lib/gcc/arm-none-eabi/7.3.1/../../../../arm-none-eabi/lib/thumb/v7e-m/fpv5/hard\libc_nano.a(lib_a-dtoa.o)
 .ARM.attributes
                0x00000824       0x32 c:/ac6/systemworkbench/plugins/fr.ac6.mcu.externaltools.arm-none.win32_1.17.0.201812190825/tools/compiler/bin/../lib/gcc/arm-none-eabi/7.3.1/../../../../arm-none-eabi/lib/thumb/v7e-m/fpv5/hard\libc_nano.a(lib_a-localeconv.o)
 .ARM.attributes
                0x00000856       0x32 c:/ac6/systemworkbench/plugins/fr.ac6.mcu.externaltools.arm-none.win32_1.17.0.201812190825/tools/compiler/bin/../lib/gcc/arm-none-eabi/7.3.1/../../../../arm-none-eabi/lib/thumb/v7e-m/fpv5/hard\libc_nano.a(lib_a-malloc.o)
 .ARM.attributes
                0x00000888       0x1e c:/ac6/systemworkbench/plugins/fr.ac6.mcu.externaltools.arm-none.win32_1.17.0.201812190825/tools/compiler/bin/../lib/gcc/arm-none-eabi/7.3.1/../../../../arm-none-eabi/lib/thumb/v7e-m/fpv5/hard\libc_nano.a(lib_a-memchr.o)
 .ARM.attributes
                0x000008a6       0x32 c:/ac6/systemworkbench/plugins/fr.ac6.mcu.externaltools.arm-none.win32_1.17.0.201812190825/tools/compiler/bin/../lib/gcc/arm-none-eabi/7.3.1/../../../../arm-none-eabi/lib/thumb/v7e-m/fpv5/hard\libc_nano.a(lib_a-memcpy-stub.o)
 .ARM.attributes
                0x000008d8       0x32 c:/ac6/systemworkbench/plugins/fr.ac6.mcu.externaltools.arm-none.win32_1.17.0.201812190825/tools/compiler/bin/../lib/gcc/arm-none-eabi/7.3.1/../../../../arm-none-eabi/lib/thumb/v7e-m/fpv5/hard\libc_nano.a(lib_a-mprec.o)
 .ARM.attributes
                0x0000090a       0x32 c:/ac6/systemworkbench/plugins/fr.ac6.mcu.externaltools.arm-none.win32_1.17.0.201812190825/tools/compiler/bin/../lib/gcc/arm-none-eabi/7.3.1/../../../../arm-none-eabi/lib/thumb/v7e-m/fpv5/hard\libc_nano.a(lib_a-nano-callocr.o)
 .ARM.attributes
                0x0000093c       0x32 c:/ac6/systemworkbench/plugins/fr.ac6.mcu.externaltools.arm-none.win32_1.17.0.201812190825/tools/compiler/bin/../lib/gcc/arm-none-eabi/7.3.1/../../../../arm-none-eabi/lib/thumb/v7e-m/fpv5/hard\libc_nano.a(lib_a-nano-freer.o)
 .ARM.attributes
                0x0000096e       0x32 c:/ac6/systemworkbench/plugins/fr.ac6.mcu.externaltools.arm-none.win32_1.17.0.201812190825/tools/compiler/bin/../lib/gcc/arm-none-eabi/7.3.1/../../../../arm-none-eabi/lib/thumb/v7e-m/fpv5/hard\libc_nano.a(lib_a-nano-mallocr.o)
 .ARM.attributes
                0x000009a0       0x32 c:/ac6/systemworkbench/plugins/fr.ac6.mcu.externaltools.arm-none.win32_1.17.0.201812190825/tools/compiler/bin/../lib/gcc/arm-none-eabi/7.3.1/../../../../arm-none-eabi/lib/thumb/v7e-m/fpv5/hard\libc_nano.a(lib_a-nano-svfprintf.o)
 .ARM.attributes
                0x000009d2       0x32 c:/ac6/systemworkbench/plugins/fr.ac6.mcu.externaltools.arm-none.win32_1.17.0.201812190825/tools/compiler/bin/../lib/gcc/arm-none-eabi/7.3.1/../../../../arm-none-eabi/lib/thumb/v7e-m/fpv5/hard\libc_nano.a(lib_a-sbrkr.o)
 .ARM.attributes
                0x00000a04       0x32 c:/ac6/systemworkbench/plugins/fr.ac6.mcu.externaltools.arm-none.win32_1.17.0.201812190825/tools/compiler/bin/../lib/gcc/arm-none-eabi/7.3.1/../../../../arm-none-eabi/lib/thumb/v7e-m/fpv5/hard\libc_nano.a(lib_a-locale.o)
 .ARM.attributes
                0x00000a36       0x32 c:/ac6/systemworkbench/plugins/fr.ac6.mcu.externaltools.arm-none.win32_1.17.0.201812190825/tools/compiler/bin/../lib/gcc/arm-none-eabi/7.3.1/../../../../arm-none-eabi/lib/thumb/v7e-m/fpv5/hard\libc_nano.a(lib_a-mbtowc_r.o)
 .ARM.attributes
                0x00000a68       0x32 c:/ac6/systemworkbench/plugins/fr.ac6.mcu.externaltools.arm-none.win32_1.17.0.201812190825/tools/compiler/bin/../lib/gcc/arm-none-eabi/7.3.1/../../../../arm-none-eabi/lib/thumb/v7e-m/fpv5/hard\libc_nano.a(lib_a-memmove.o)
 .ARM.attributes
                0x00000a9a       0x32 c:/ac6/systemworkbench/plugins/fr.ac6.mcu.externaltools.arm-none.win32_1.17.0.201812190825/tools/compiler/bin/../lib/gcc/arm-none-eabi/7.3.1/../../../../arm-none-eabi/lib/thumb/v7e-m/fpv5/hard\libc_nano.a(lib_a-mlock.o)
 .ARM.attributes
                0x00000acc       0x32 c:/ac6/systemworkbench/plugins/fr.ac6.mcu.externaltools.arm-none.win32_1.17.0.201812190825/tools/compiler/bin/../lib/gcc/arm-none-eabi/7.3.1/../../../../arm-none-eabi/lib/thumb/v7e-m/fpv5/hard\libc_nano.a(lib_a-nano-reallocr.o)
 .ARM.attributes
                0x00000afe       0x32 c:/ac6/systemworkbench/plugins/fr.ac6.mcu.externaltools.arm-none.win32_1.17.0.201812190825/tools/compiler/bin/../lib/gcc/arm-none-eabi/7.3.1/../../../../arm-none-eabi/lib/thumb/v7e-m/fpv5/hard\libc_nano.a(lib_a-reent.o)
 .ARM.attributes
                0x00000b30       0x32 c:/ac6/systemworkbench/plugins/fr.ac6.mcu.externaltools.arm-none.win32_1.17.0.201812190825/tools/compiler/bin/../lib/gcc/arm-none-eabi/7.3.1/../../../../arm-none-eabi/lib/thumb/v7e-m/fpv5/hard\libc_nano.a(lib_a-wctomb_r.o)
 .ARM.attributes
                0x00000b62       0x32 c:/ac6/systemworkbench/plugins/fr.ac6.mcu.externaltools.arm-none.win32_1.17.0.201812190825/tools/compiler/bin/../lib/gcc/arm-none-eabi/7.3.1/../../../../arm-none-eabi/lib/thumb/v7e-m/fpv5/hard\libc_nano.a(lib_a-ctype_.o)
 .ARM.attributes
                0x00000b94       0x32 c:/ac6/systemworkbench/plugins/fr.ac6.mcu.externaltools.arm-none.win32_1.17.0.201812190825/tools/compiler/bin/../lib/gcc/arm-none-eabi/7.3.1/../../../../arm-none-eabi/lib/thumb/v7e-m/fpv5/hard\libc_nano.a(lib_a-nano-msizer.o)
 .ARM.attributes
                0x00000bc6       0x20 c:/ac6/systemworkbench/plugins/fr.ac6.mcu.externaltools.arm-none.win32_1.17.0.201812190825/tools/compiler/bin/../lib/gcc/arm-none-eabi/7.3.1/thumb/v7e-m/fpv5/hard/crtn.o
OUTPUT(ABU2022_R2_MAIN.elf elf32-littlearm)

.debug_info     0x00000000    0x25c79
 .debug_info    0x00000000     0x1132 Core/Src/can.o
 .debug_info    0x00001132     0x1cba Core/Src/can_com.o
 .debug_info    0x00002dec     0x26b6 Core/Src/control.o
 .debug_info    0x000054a2     0x2cb2 Core/Src/control_main.o
 .debug_info    0x00008154     0x1979 Core/Src/controller.o
 .debug_info    0x00009acd     0x1c34 Core/Src/encoder.o
 .debug_info    0x0000b701      0x8fa Core/Src/gpio.o
 .debug_info    0x0000bffb     0x3ce4 Core/Src/main.o
 .debug_info    0x0000fcdf      0xed2 Core/Src/motor.o
 .debug_info    0x00010bb1      0xad0 Core/Src/pid.o
 .debug_info    0x00011681      0x539 Core/Src/stm32f7xx_hal_msp.o
 .debug_info    0x00011bba      0xe36 Core/Src/stm32f7xx_it.o
 .debug_info    0x000129f0      0xfd3 Core/Src/syscalls.o
 .debug_info    0x000139c3      0x742 Core/Src/system_stm32f7xx.o
 .debug_info    0x00014105     0x1f8a Core/Src/tim.o
 .debug_info    0x0001608f      0xdc8 Core/Src/usart.o
 .debug_info    0x00016e57      0xaf2 Drivers/STM32F7xx_HAL_Driver/Src/stm32f7xx_hal.o
 .debug_info    0x00017949     0x1143 Drivers/STM32F7xx_HAL_Driver/Src/stm32f7xx_hal_can.o
 .debug_info    0x00018a8c     0x11f0 Drivers/STM32F7xx_HAL_Driver/Src/stm32f7xx_hal_cortex.o
 .debug_info    0x00019c7c      0x804 Drivers/STM32F7xx_HAL_Driver/Src/stm32f7xx_hal_gpio.o
 .debug_info    0x0001a480      0xa48 Drivers/STM32F7xx_HAL_Driver/Src/stm32f7xx_hal_pwr_ex.o
 .debug_info    0x0001aec8      0xb9e Drivers/STM32F7xx_HAL_Driver/Src/stm32f7xx_hal_rcc.o
 .debug_info    0x0001ba66      0x8c9 Drivers/STM32F7xx_HAL_Driver/Src/stm32f7xx_hal_rcc_ex.o
 .debug_info    0x0001c32f     0x38a3 Drivers/STM32F7xx_HAL_Driver/Src/stm32f7xx_hal_tim.o
 .debug_info    0x0001fbd2     0x1a5c Drivers/STM32F7xx_HAL_Driver/Src/stm32f7xx_hal_tim_ex.o
 .debug_info    0x0002162e     0x4629 Drivers/STM32F7xx_HAL_Driver/Src/stm32f7xx_hal_uart.o
 .debug_info    0x00025c57       0x22 startup/startup_stm32f767xx.o

.debug_abbrev   0x00000000     0x3cc9
 .debug_abbrev  0x00000000      0x208 Core/Src/can.o
 .debug_abbrev  0x00000208      0x2dc Core/Src/can_com.o
 .debug_abbrev  0x000004e4      0x390 Core/Src/control.o
 .debug_abbrev  0x00000874      0x370 Core/Src/control_main.o
 .debug_abbrev  0x00000be4      0x2f8 Core/Src/controller.o
 .debug_abbrev  0x00000edc      0x2ea Core/Src/encoder.o
 .debug_abbrev  0x000011c6      0x184 Core/Src/gpio.o
 .debug_abbrev  0x0000134a      0x31b Core/Src/main.o
 .debug_abbrev  0x00001665      0x1d1 Core/Src/motor.o
 .debug_abbrev  0x00001836      0x1c7 Core/Src/pid.o
 .debug_abbrev  0x000019fd      0x12b Core/Src/stm32f7xx_hal_msp.o
 .debug_abbrev  0x00001b28      0x1ee Core/Src/stm32f7xx_it.o
 .debug_abbrev  0x00001d16      0x2d4 Core/Src/syscalls.o
 .debug_abbrev  0x00001fea      0x147 Core/Src/system_stm32f7xx.o
 .debug_abbrev  0x00002131      0x248 Core/Src/tim.o
 .debug_abbrev  0x00002379      0x23d Core/Src/usart.o
 .debug_abbrev  0x000025b6      0x1ed Drivers/STM32F7xx_HAL_Driver/Src/stm32f7xx_hal.o
 .debug_abbrev  0x000027a3      0x261 Drivers/STM32F7xx_HAL_Driver/Src/stm32f7xx_hal_can.o
 .debug_abbrev  0x00002a04      0x328 Drivers/STM32F7xx_HAL_Driver/Src/stm32f7xx_hal_cortex.o
 .debug_abbrev  0x00002d2c      0x1e7 Drivers/STM32F7xx_HAL_Driver/Src/stm32f7xx_hal_gpio.o
 .debug_abbrev  0x00002f13      0x1c0 Drivers/STM32F7xx_HAL_Driver/Src/stm32f7xx_hal_pwr_ex.o
 .debug_abbrev  0x000030d3      0x296 Drivers/STM32F7xx_HAL_Driver/Src/stm32f7xx_hal_rcc.o
 .debug_abbrev  0x00003369      0x1de Drivers/STM32F7xx_HAL_Driver/Src/stm32f7xx_hal_rcc_ex.o
 .debug_abbrev  0x00003547      0x235 Drivers/STM32F7xx_HAL_Driver/Src/stm32f7xx_hal_tim.o
 .debug_abbrev  0x0000377c      0x255 Drivers/STM32F7xx_HAL_Driver/Src/stm32f7xx_hal_tim_ex.o
 .debug_abbrev  0x000039d1      0x2e6 Drivers/STM32F7xx_HAL_Driver/Src/stm32f7xx_hal_uart.o
 .debug_abbrev  0x00003cb7       0x12 startup/startup_stm32f767xx.o

.debug_loc      0x00000000     0xdaa3
 .debug_loc     0x00000000       0xe3 Core/Src/can.o
 .debug_loc     0x000000e3      0x3ba Core/Src/control.o
 .debug_loc     0x0000049d      0x124 Core/Src/control_main.o
 .debug_loc     0x000005c1       0x2d Core/Src/controller.o
 .debug_loc     0x000005ee       0xe9 Core/Src/encoder.o
 .debug_loc     0x000006d7       0x34 Core/Src/main.o
 .debug_loc     0x0000070b      0x488 Core/Src/motor.o
 .debug_loc     0x00000b93      0x118 Core/Src/pid.o
 .debug_loc     0x00000cab      0x3af Core/Src/syscalls.o
 .debug_loc     0x0000105a      0x13e Core/Src/system_stm32f7xx.o
 .debug_loc     0x00001198      0x296 Core/Src/tim.o
 .debug_loc     0x0000142e       0x93 Core/Src/usart.o
 .debug_loc     0x000014c1      0x11b Drivers/STM32F7xx_HAL_Driver/Src/stm32f7xx_hal.o
 .debug_loc     0x000015dc      0xc5a Drivers/STM32F7xx_HAL_Driver/Src/stm32f7xx_hal_can.o
 .debug_loc     0x00002236      0x5c0 Drivers/STM32F7xx_HAL_Driver/Src/stm32f7xx_hal_cortex.o
 .debug_loc     0x000027f6      0x475 Drivers/STM32F7xx_HAL_Driver/Src/stm32f7xx_hal_gpio.o
 .debug_loc     0x00002c6b      0x198 Drivers/STM32F7xx_HAL_Driver/Src/stm32f7xx_hal_pwr_ex.o
 .debug_loc     0x00002e03      0x4f8 Drivers/STM32F7xx_HAL_Driver/Src/stm32f7xx_hal_rcc.o
 .debug_loc     0x000032fb      0x611 Drivers/STM32F7xx_HAL_Driver/Src/stm32f7xx_hal_rcc_ex.o
 .debug_loc     0x0000390c     0x4c38 Drivers/STM32F7xx_HAL_Driver/Src/stm32f7xx_hal_tim.o
 .debug_loc     0x00008544     0x201f Drivers/STM32F7xx_HAL_Driver/Src/stm32f7xx_hal_tim_ex.o
 .debug_loc     0x0000a563     0x3540 Drivers/STM32F7xx_HAL_Driver/Src/stm32f7xx_hal_uart.o

.debug_aranges  0x00000000     0x1318
 .debug_aranges
                0x00000000       0x40 Core/Src/can.o
 .debug_aranges
                0x00000040       0xa0 Core/Src/can_com.o
 .debug_aranges
                0x000000e0       0xe8 Core/Src/control.o
 .debug_aranges
                0x000001c8       0xe0 Core/Src/control_main.o
 .debug_aranges
                0x000002a8       0x40 Core/Src/controller.o
 .debug_aranges
                0x000002e8       0xa0 Core/Src/encoder.o
 .debug_aranges
                0x00000388       0x20 Core/Src/gpio.o
 .debug_aranges
                0x000003a8       0x40 Core/Src/main.o
 .debug_aranges
                0x000003e8       0x38 Core/Src/motor.o
 .debug_aranges
                0x00000420       0x30 Core/Src/pid.o
 .debug_aranges
                0x00000450       0x20 Core/Src/stm32f7xx_hal_msp.o
 .debug_aranges
                0x00000470       0x90 Core/Src/stm32f7xx_it.o
 .debug_aranges
                0x00000500       0xb0 Core/Src/syscalls.o
 .debug_aranges
                0x000005b0       0x28 Core/Src/system_stm32f7xx.o
 .debug_aranges
                0x000005d8       0xb0 Core/Src/tim.o
 .debug_aranges
                0x00000688       0x38 Core/Src/usart.o
 .debug_aranges
                0x000006c0      0x110 Drivers/STM32F7xx_HAL_Driver/Src/stm32f7xx_hal.o
 .debug_aranges
                0x000007d0      0x138 Drivers/STM32F7xx_HAL_Driver/Src/stm32f7xx_hal_can.o
 .debug_aranges
                0x00000908       0xa8 Drivers/STM32F7xx_HAL_Driver/Src/stm32f7xx_hal_cortex.o
 .debug_aranges
                0x000009b0       0x58 Drivers/STM32F7xx_HAL_Driver/Src/stm32f7xx_hal_gpio.o
 .debug_aranges
                0x00000a08       0x80 Drivers/STM32F7xx_HAL_Driver/Src/stm32f7xx_hal_pwr_ex.o
 .debug_aranges
                0x00000a88       0x88 Drivers/STM32F7xx_HAL_Driver/Src/stm32f7xx_hal_rcc.o
 .debug_aranges
                0x00000b10       0x50 Drivers/STM32F7xx_HAL_Driver/Src/stm32f7xx_hal_rcc_ex.o
 .debug_aranges
                0x00000b60      0x3e0 Drivers/STM32F7xx_HAL_Driver/Src/stm32f7xx_hal_tim.o
 .debug_aranges
                0x00000f40      0x180 Drivers/STM32F7xx_HAL_Driver/Src/stm32f7xx_hal_tim_ex.o
 .debug_aranges
                0x000010c0      0x230 Drivers/STM32F7xx_HAL_Driver/Src/stm32f7xx_hal_uart.o
 .debug_aranges
                0x000012f0       0x28 startup/startup_stm32f767xx.o

.debug_ranges   0x00000000     0x1200
 .debug_ranges  0x00000000       0x30 Core/Src/can.o
 .debug_ranges  0x00000030       0x90 Core/Src/can_com.o
 .debug_ranges  0x000000c0       0xd8 Core/Src/control.o
 .debug_ranges  0x00000198       0xd0 Core/Src/control_main.o
 .debug_ranges  0x00000268       0x30 Core/Src/controller.o
 .debug_ranges  0x00000298       0x90 Core/Src/encoder.o
 .debug_ranges  0x00000328       0x10 Core/Src/gpio.o
 .debug_ranges  0x00000338       0x30 Core/Src/main.o
 .debug_ranges  0x00000368       0x28 Core/Src/motor.o
 .debug_ranges  0x00000390       0x20 Core/Src/pid.o
 .debug_ranges  0x000003b0       0x10 Core/Src/stm32f7xx_hal_msp.o
 .debug_ranges  0x000003c0       0x80 Core/Src/stm32f7xx_it.o
 .debug_ranges  0x00000440       0xa0 Core/Src/syscalls.o
 .debug_ranges  0x000004e0       0x18 Core/Src/system_stm32f7xx.o
 .debug_ranges  0x000004f8       0xa0 Core/Src/tim.o
 .debug_ranges  0x00000598       0x28 Core/Src/usart.o
 .debug_ranges  0x000005c0      0x100 Drivers/STM32F7xx_HAL_Driver/Src/stm32f7xx_hal.o
 .debug_ranges  0x000006c0      0x128 Drivers/STM32F7xx_HAL_Driver/Src/stm32f7xx_hal_can.o
 .debug_ranges  0x000007e8       0xf8 Drivers/STM32F7xx_HAL_Driver/Src/stm32f7xx_hal_cortex.o
 .debug_ranges  0x000008e0       0x48 Drivers/STM32F7xx_HAL_Driver/Src/stm32f7xx_hal_gpio.o
 .debug_ranges  0x00000928       0x70 Drivers/STM32F7xx_HAL_Driver/Src/stm32f7xx_hal_pwr_ex.o
 .debug_ranges  0x00000998       0x78 Drivers/STM32F7xx_HAL_Driver/Src/stm32f7xx_hal_rcc.o
 .debug_ranges  0x00000a10       0x40 Drivers/STM32F7xx_HAL_Driver/Src/stm32f7xx_hal_rcc_ex.o
 .debug_ranges  0x00000a50      0x3d0 Drivers/STM32F7xx_HAL_Driver/Src/stm32f7xx_hal_tim.o
 .debug_ranges  0x00000e20      0x170 Drivers/STM32F7xx_HAL_Driver/Src/stm32f7xx_hal_tim_ex.o
 .debug_ranges  0x00000f90      0x250 Drivers/STM32F7xx_HAL_Driver/Src/stm32f7xx_hal_uart.o
 .debug_ranges  0x000011e0       0x20 startup/startup_stm32f767xx.o

.debug_macro    0x00000000    0x2b31c
 .debug_macro   0x00000000      0x206 Core/Src/can.o
 .debug_macro   0x00000206      0xa60 Core/Src/can.o
 .debug_macro   0x00000c66      0x299 Core/Src/can.o
 .debug_macro   0x00000eff       0x2e Core/Src/can.o
 .debug_macro   0x00000f2d       0x3b Core/Src/can.o
 .debug_macro   0x00000f68       0x22 Core/Src/can.o
 .debug_macro   0x00000f8a       0x8e Core/Src/can.o
 .debug_macro   0x00001018       0x51 Core/Src/can.o
 .debug_macro   0x00001069       0xef Core/Src/can.o
 .debug_macro   0x00001158       0x6a Core/Src/can.o
 .debug_macro   0x000011c2      0x1df Core/Src/can.o
 .debug_macro   0x000013a1       0x1c Core/Src/can.o
 .debug_macro   0x000013bd       0x22 Core/Src/can.o
 .debug_macro   0x000013df       0xdf Core/Src/can.o
 .debug_macro   0x000014be     0x12cd Core/Src/can.o
 .debug_macro   0x0000278b      0x11f Core/Src/can.o
 .debug_macro   0x000028aa       0x19 Core/Src/can.o
 .debug_macro   0x000028c3    0x1a9dd Core/Src/can.o
 .debug_macro   0x0001d2a0       0x6d Core/Src/can.o
 .debug_macro   0x0001d30d     0x3714 Core/Src/can.o
 .debug_macro   0x00020a21      0x174 Core/Src/can.o
 .debug_macro   0x00020b95       0x63 Core/Src/can.o
 .debug_macro   0x00020bf8     0x1add Core/Src/can.o
 .debug_macro   0x000226d5      0x6c4 Core/Src/can.o
 .debug_macro   0x00022d99      0x18b Core/Src/can.o
 .debug_macro   0x00022f24      0x115 Core/Src/can.o
 .debug_macro   0x00023039      0x26e Core/Src/can.o
 .debug_macro   0x000232a7       0xa5 Core/Src/can.o
 .debug_macro   0x0002334c      0x24f Core/Src/can.o
 .debug_macro   0x0002359b       0x71 Core/Src/can.o
 .debug_macro   0x0002360c       0x58 Core/Src/can.o
 .debug_macro   0x00023664      0x236 Core/Src/can.o